******************************************************************************
             TMS320C2000 Linker PC v22.6.1                     
******************************************************************************
>> Linked Fri Apr  3 16:09:58 2026

OUTPUT FILE NAME:   <Servo_Alfa.out>
ENTRY POINT SYMBOL: "_c_int00"  address: 000bb4da


MEMORY CONFIGURATION

         name            origin    length      used     unused   attr    fill
----------------------  --------  ---------  --------  --------  ----  --------
PAGE 0:
  BOOT_RSVD             00000002   000001af  00000000  000001af  RWIX
  RAMM0                 000001b1   0000024f  00000000  0000024f  RWIX
  RAMM1                 00000400   00000400  00000000  00000400  RWIX
  CLATOCPURAM           00001480   00000080  00000060  00000020  RWIX
  CPUTOCLARAM           00001500   00000080  0000007a  00000006  RWIX
  CLATODMARAM           00001680   00000080  00000000  00000080  RWIX
  DMATOCLARAM           00001700   00000080  00000000  00000080  RWIX
  RAMLS0_1              00008000   00001000  00000000  00001000  RWIX
  RAMLS2                00009000   00000800  00000000  00000800  RWIX
  RAMLS3_4              00009800   00001000  00000e29  000001d7  RWIX
  RAMLS5_6              0000a800   00001000  00000740  000008c0  RWIX
  RAMLS7                0000b800   00000800  00000032  000007ce  RWIX
  RAMD0                 0000c000   00002000  00001000  00001000  RWIX
  RAMD1                 0000e000   00002000  00000000  00002000  RWIX
  RAMGS0                00010000   00002000  00000000  00002000  RWIX
  RAMGS1                00012000   00002000  00000000  00002000  RWIX
  RAMGS2_4              00014000   00006000  00005ee3  0000011d  RWIX
  RAMD2                 0001a000   00002000  00000000  00002000  RWIX
  RAMD3                 0001c000   00002000  00000000  00002000  RWIX
  RAMD4                 0001e000   00002000  00000000  00002000  RWIX
  RAMD5                 00020000   00002000  00000000  00002000  RWIX
  RAMLS8                00022000   00002000  00000c7e  00001382  RWIX
  RAMLS9                00024000   00002000  00000000  00002000  RWIX
  CPU1TOCPU2RAM         0003a000   00000400  0000008a  00000376  RWIX
  CPU2TOCPU1RAM         0003b000   00000400  00000088  00000378  RWIX
  CANA_MSG_RAM          00049000   00000800  00000000  00000800  RWIX
  CANB_MSG_RAM          0004b000   00000800  00000000  00000800  RWIX
  BEGIN                 00088000   00000002  00000002  00000000  RWIX
  FLASH_BANK1_3         00088002   00056ffe  0003441e  00022be0  RWIX
  FLASH_BANK4           000df000   00000ff8  00000740  000008b8  RWIX
  FLASHCHECK            000dfff8   00000008  00000004  00000004  RWIX
  RESET                 003fffc0   00000002  00000000  00000002  RWIX

PAGE 1:
  ADCARESULT            00000a00   00000048  00000000  00000048  RWIX
  ADCBRESULT            00000a80   00000048  00000000  00000048  RWIX
  ADCCRESULT            00000b00   00000048  00000000  00000048  RWIX
  CPUTIMER0             00000c00   00000008  00000000  00000008  RWIX
  CPUTIMER1             00000c08   00000008  00000000  00000008  RWIX
  CPUTIMER2             00000c10   00000008  00000000  00000008  RWIX
  PIECTRL               00000ce0   0000001a  0000001a  00000000  RWIX
  PIEVECTTABLE          00000d00   00000200  00000000  00000200  RWIX
  DMA                   00001000   00000200  00000000  00000200  RWIX
  CLA1                  00001400   00000080  00000000  00000080  RWIX
  CLB1LOGICCFG          00002000   00000052  00000000  00000052  RWIX
  CLB1LOGICCTRL         00002100   00000040  00000000  00000040  RWIX
  CLB1DATAEXCH          00002180   00000080  00000000  00000080  RWIX
  CLB2LOGICCFG          00002200   00000052  00000000  00000052  RWIX
  CLB2LOGICCTRL         00002300   00000040  00000000  00000040  RWIX
  CLB2DATAEXCH          00002380   00000080  00000000  00000080  RWIX
  CLB3LOGICCFG          00002400   00000052  00000000  00000052  RWIX
  CLB3LOGICCTRL         00002500   00000040  00000000  00000040  RWIX
  CLB3DATAEXCH          00002580   00000080  00000000  00000080  RWIX
  CLB4LOGICCFG          00002600   00000052  00000000  00000052  RWIX
  CLB4LOGICCTRL         00002700   00000040  00000000  00000040  RWIX
  CLB4DATAEXCH          00002780   00000080  00000000  00000080  RWIX
  CLB5LOGICCFG          00002800   00000052  00000000  00000052  RWIX
  CLB5LOGICCTRL         00002900   00000040  00000000  00000040  RWIX
  CLB5DATAEXCH          00002980   00000080  00000000  00000080  RWIX
  CLB6LOGICCFG          00002a00   00000052  00000000  00000052  RWIX
  CLB6LOGICCTRL         00002b00   00000040  00000000  00000040  RWIX
  CLB6DATAEXCH          00002b80   00000080  00000000  00000080  RWIX
  EPWM17                00002c00   00000100  00000000  00000100  RWIX
  EPWM18                00002e00   00000100  00000000  00000100  RWIX
  EPWM1                 00003000   00000100  00000000  00000100  RWIX
  EPWM2                 00003200   00000100  00000000  00000100  RWIX
  EPWM3                 00003400   00000100  00000000  00000100  RWIX
  EPWM4                 00003600   00000100  00000000  00000100  RWIX
  EPWM5                 00003800   00000100  00000000  00000100  RWIX
  EPWM6                 00003a00   00000100  00000000  00000100  RWIX
  EPWM7                 00003c00   00000100  00000000  00000100  RWIX
  EPWM8                 00003e00   00000100  00000000  00000100  RWIX
  EPWM9                 00004000   00000100  00000000  00000100  RWIX
  EPWM10                00004200   00000100  00000000  00000100  RWIX
  EPWM11                00004400   00000100  00000000  00000100  RWIX
  EPWM12                00004600   00000100  00000000  00000100  RWIX
  EPWM13                00004800   00000100  00000000  00000100  RWIX
  EPWM14                00004a00   00000100  00000000  00000100  RWIX
  EPWM15                00004c00   00000100  00000000  00000100  RWIX
  EPWM16                00004e00   00000100  00000000  00000100  RWIX
  EQEP1                 00005080   00000040  00000000  00000040  RWIX
  EQEP2                 000050c0   00000040  00000000  00000040  RWIX
  EQEP3                 00005100   00000040  00000000  00000040  RWIX
  EQEP4                 00005140   00000040  00000000  00000040  RWIX
  EQEP5                 00005180   00000040  00000000  00000040  RWIX
  EQEP6                 000051c0   00000040  00000000  00000040  RWIX
  ECAP1                 00005200   00000020  00000000  00000020  RWIX
  ECAP1SIGNALMONITORING 00005240   00000060  00000000  00000060  RWIX
  ECAP2                 00005300   00000020  00000000  00000020  RWIX
  ECAP2SIGNALMONITORING 00005340   00000060  00000000  00000060  RWIX
  ECAP3                 00005400   00000020  00000000  00000020  RWIX
  ECAP3SIGNALMONITORING 00005440   00000060  00000000  00000060  RWIX
  ECAP4                 00005500   00000020  00000000  00000020  RWIX
  ECAP4SIGNALMONITORING 00005540   00000060  00000000  00000060  RWIX
  ECAP5                 00005600   00000020  00000000  00000020  RWIX
  ECAP5SIGNALMONITORING 00005640   00000060  00000000  00000060  RWIX
  ECAP6                 00005700   00000020  00000000  00000020  RWIX
  HRCAP6                00005720   00000020  00000000  00000020  RWIX
  ECAP6SIGNALMONITORING 00005740   00000060  00000000  00000060  RWIX
  ECAP7                 00005800   00000020  00000000  00000020  RWIX
  HRCAP7                00005820   00000020  00000000  00000020  RWIX
  ECAP7SIGNALMONITORING 00005840   00000060  00000000  00000060  RWIX
  CMPSS1                00005900   00000040  00000000  00000040  RWIX
  CMPSS2                00005940   00000040  00000000  00000040  RWIX
  CMPSS3                00005980   00000040  00000000  00000040  RWIX
  CMPSS4                000059c0   00000040  00000000  00000040  RWIX
  CMPSS5                00005a00   00000040  00000000  00000040  RWIX
  CMPSS6                00005a40   00000040  00000000  00000040  RWIX
  CMPSS7                00005a80   00000040  00000000  00000040  RWIX
  CMPSS8                00005ac0   00000040  00000000  00000040  RWIX
  CMPSS9                00005b00   00000040  00000000  00000040  RWIX
  CMPSS10               00005b40   00000040  00000000  00000040  RWIX
  CMPSS11               00005b80   00000040  00000000  00000040  RWIX
  DACA                  00005c00   00000008  00000000  00000008  RWIX
  DACC                  00005c20   00000008  00000000  00000008  RWIX
  HRPWMCAL1             00005c80   00000040  00000000  00000040  RWIX
  HRPWMCAL2             00005cc0   00000040  00000000  00000040  RWIX
  HRPWMCAL3             00005d00   00000040  00000000  00000040  RWIX
  SDFM1                 00005e00   00000080  00000000  00000080  RWIX
  SDFM2                 00005e80   00000080  00000000  00000080  RWIX
  SDFM3                 00005f00   00000080  00000000  00000080  RWIX
  SDFM4                 00005f80   00000080  00000000  00000080  RWIX
  SPIA                  00006100   00000010  00000000  00000010  RWIX
  SPIB                  00006110   00000010  00000000  00000010  RWIX
  SPIC                  00006120   00000010  00000000  00000010  RWIX
  SPID                  00006130   00000010  00000000  00000010  RWIX
  BGCRCCPU              00006340   00000040  00000000  00000040  RWIX
  BGCRCCLA              00006380   00000040  00000000  00000040  RWIX
  PMBUSA                00006400   00000020  00000000  00000020  RWIX
  FSITXA                00006600   00000050  00000000  00000050  RWIX
  FSIRXA                00006680   00000050  00000000  00000050  RWIX
  FSITXB                00006700   00000050  00000000  00000050  RWIX
  FSIRXB                00006780   00000050  00000000  00000050  RWIX
  FSIRXC                00006880   00000050  00000000  00000050  RWIX
  FSIRXD                00006980   00000050  00000000  00000050  RWIX
  LINA                  00006e00   000000ec  00000000  000000ec  RWIX
  LINB                  00006f00   000000ec  00000000  000000ec  RWIX
  WD                    00007000   0000002c  00000000  0000002c  RWIX
  NMIINTRUPT            00007060   00000010  00000000  00000010  RWIX
  XINT                  00007070   0000000c  00000000  0000000c  RWIX
  SCIA                  00007200   00000010  00000010  00000000  RWIX
  SCIB                  00007210   00000010  00000000  00000010  RWIX
  I2CA                  00007300   00000022  00000000  00000022  RWIX
  I2CB                  00007340   00000022  00000000  00000022  RWIX
  ADCA                  00007400   00000100  00000000  00000100  RWIX
  ADCB                  00007500   00000100  00000000  00000100  RWIX
  ADCC                  00007600   00000100  00000000  00000100  RWIX
  EPWMXBARB             00007800   00000070  00000000  00000070  RWIX
  SYNCSOC               000078f8   00000008  00000000  00000008  RWIX
  INPUTXBAR             00007900   00000020  00000000  00000020  RWIX
  XBAR                  00007920   00000040  00000000  00000040  RWIX
  CLBINPUTXBAR          00007960   00000020  00000000  00000020  RWIX
  DMACLASRCSEL          00007980   0000001a  00000000  0000001a  RWIX
  ICLXBAR               000079e0   00000020  00000000  00000020  RWIX
  EPWMXBARA             00007a00   00000070  00000000  00000070  RWIX
  CLBXBAR               00007a80   00000040  00000000  00000040  RWIX
  OUTPUTXBAR            00007b00   00000070  00000000  00000070  RWIX
  CLBOUTPUTXBAR         00007b80   00000070  00000000  00000070  RWIX
  GPIOCTRL              00007c00   00000200  00000000  00000200  RWIX
  GPIODATA              00007f00   00000040  00000000  00000040  RWIX
  GPIODATAREAD          00007f80   00000010  00000000  00000010  RWIX
  LFU                   00007fe0   00000020  00000000  00000020  RWIX
  CANA                  00048000   00000200  00000000  00000200  RWIX
  ESCSS                 00057e00   00000024  00000000  00000024  RWIX
  ESCSSCONFIG           00057f00   00000016  00000000  00000016  RWIX
  MCANASS               0005a400   0000002c  00000000  0000002c  RWIX
  MCANA                 0005a600   00000100  00000000  00000100  RWIX
  MCANAERROR            0005a800   00000210  00000000  00000210  RWIX
  MCANBSS               0005c400   0000002c  00000000  0000002c  RWIX
  MCANB                 0005c600   00000100  00000000  00000100  RWIX
  MCANBERROR            0005c800   00000210  00000000  00000210  RWIX
  CPU1TOCPU2IPC         0005ce00   00000026  00000000  00000026  RWIX
  DEVCFG                0005d000   000001e8  00000000  000001e8  RWIX
  CLKCFG                0005d200   00000100  00000000  00000100  RWIX
  CPUSYS                0005d300   00000100  00000000  00000100  RWIX
  SYSSTATUS             0005d400   00000050  00000000  00000050  RWIX
  PERIPHAC              0005d500   00000200  00000000  00000200  RWIX
  ANALOGSUBSYS          0005d700   00000136  00000000  00000136  RWIX
  HWBIST                0005e000   000000d0  00000000  000000d0  RWIX
  DCC0                  0005e700   00000038  00000000  00000038  RWIX
  DCC1                  0005e740   00000038  00000000  00000038  RWIX
  DCC2                  0005e780   00000038  00000000  00000038  RWIX
  ERADGLOBAL            0005e800   00000014  00000000  00000014  RWIX
  ERADHWBP1             0005e900   00000008  00000000  00000008  RWIX
  ERADHWBP2             0005e908   00000008  00000000  00000008  RWIX
  ERADHWBP3             0005e910   00000008  00000000  00000008  RWIX
  ERADHWBP4             0005e918   00000008  00000000  00000008  RWIX
  ERADHWBP5             0005e920   00000008  00000000  00000008  RWIX
  ERADHWBP6             0005e928   00000008  00000000  00000008  RWIX
  ERADHWBP7             0005e930   00000008  00000000  00000008  RWIX
  ERADHWBP8             0005e938   00000008  00000000  00000008  RWIX
  ERADCOUNTER1          0005e980   00000010  00000000  00000010  RWIX
  ERADCOUNTER2          0005e990   00000010  00000000  00000010  RWIX
  ERADCOUNTER3          0005e9a0   00000010  00000000  00000010  RWIX
  ERADCOUNTER4          0005e9b0   00000010  00000000  00000010  RWIX
  ERADCRCGLOBAL         0005ea00   00000010  00000000  00000010  RWIX
  ERADCRC1              0005ea10   00000010  00000000  00000010  RWIX
  ERADCRC2              0005ea20   00000010  00000000  00000010  RWIX
  ERADCRC3              0005ea30   00000010  00000000  00000010  RWIX
  ERADCRC4              0005ea40   00000010  00000000  00000010  RWIX
  ERADCRC5              0005ea50   00000010  00000000  00000010  RWIX
  ERADCRC6              0005ea60   00000010  00000000  00000010  RWIX
  ERADCRC7              0005ea70   00000010  00000000  00000010  RWIX
  ERADCRC8              0005ea80   00000010  00000000  00000010  RWIX
  ERADPCTRACE           0005ead0   0000000a  00000000  0000000a  RWIX
  ADCSAFETYINTEVTAGG1   0005ee00   00000040  00000000  00000040  RWIX
  ADCSAFETYCHK1         0005ee80   00000010  00000000  00000010  RWIX
  ADCSAFETYCHK2         0005ee90   00000010  00000000  00000010  RWIX
  ADCSAFETYCHK3         0005eea0   00000010  00000000  00000010  RWIX
  ADCSAFETYCHK4         0005eeb0   00000010  00000000  00000010  RWIX
  ADCSAFETYCHK5         0005eec0   00000010  00000000  00000010  RWIX
  ADCSAFETYCHK6         0005eed0   00000010  00000000  00000010  RWIX
  ADCSAFETYCHK7         0005eee0   00000010  00000000  00000010  RWIX
  ADCSAFETYCHK8         0005eef0   00000010  00000000  00000010  RWIX
  DCSMZ1                0005f000   00000040  00000000  00000040  RWIX
  DCSMZ2                0005f080   00000040  00000000  00000040  RWIX
  DCSMCOMMON            0005f0c0   00000046  00000000  00000046  RWIX
  MEMCFG                0005f400   000000c0  00000000  000000c0  RWIX
  EMIF1CONFIG           0005f4c0   00000020  00000000  00000020  RWIX
  ACCESSPROTECTION      0005f500   0000003e  00000000  0000003e  RWIX
  MEMORYERROR           0005f540   00000040  00000000  00000040  RWIX
  ROMWAITSTATE          0005f580   00000002  00000000  00000002  RWIX
  TESTERROR             0005f590   00000010  00000000  00000010  RWIX
  FLASH0CTRL            0005f800   00000182  00000000  00000182  RWIX
  FLASH0ECC             0005fb00   00000028  00000000  00000028  RWIX
  UARTA                 0006a000   00000800  00000000  00000800  RWIX
  UARTB                 0006a800   00000800  00000000  00000800  RWIX
  UID                   00072172   00000010  00000000  00000010  RWIX


SECTION ALLOCATION MAP

 output                                  attributes/
section   page    origin      length       input sections
--------  ----  ----------  ----------   ----------------
Cla1ToCpuMsgRAM 
*          0    00001480    00000060     UNINITIALIZED
                  00001480    00000060     CLA09_CLAVar.obj (Cla1ToCpuMsgRAM)

CpuToCla1MsgRAM 
*          0    00001500    0000007a     UNINITIALIZED
                  00001500    0000007a     CLA09_CLAVar.obj (CpuToCla1MsgRAM)

.sysmem    0    00009800    00000600     UNINITIALIZED
                  00009800    00000004     rts2800_fpu64_eabi.lib : memory.c.obj (.sysmem)
                  00009804    000005fc     --HOLE--

.scratchpad 
*          0    0000b810    00000022     UNINITIALIZED
                  0000b810    00000002     CLA01_Task.obj (.scratchpad:Cla1Prog:Cla1Task2)
                  0000b810    00000002     CLA01_Task.obj (.scratchpad:Cla1Prog:Cla1Task6)
                  0000b810    00000002     CLA01_Task.obj (.scratchpad:Cla1Prog:Cla1Task7)
                  0000b810    00000004     CLA01_Task.obj (.scratchpad:Cla1Prog:Cla1Task8)
                  0000b810    0000001a     CLA01_Task.obj (.scratchpad:Cla1Prog:ACR_MainTask)
                  0000b82a    00000008     CLA01_Task.obj (.scratchpad:Cla1Prog:Cla1Task1)

.data      0    00022000    00000c7e     UNINITIALIZED
                  00022000    00000758     EtherCAT02_Appl.obj (.data:ApplicationObjDic)
                  00022758    00000023     Pos_OrigSearch.obj (.data:OrgCtlBitTable)
                  0002277b    00000005     EtherCAT03_ObjDef.obj (.data:acHardwareversion)
                  00022780    0000012c     EtherCAT02_Appl.obj (.data)
                  000228ac    000000dc     EtherCAT03_ObjDef.obj (.data:GenObjDic)
                  00022988    00000020     Cur15_NotchFilter.obj (.data)
                  000229a8    00000018     EtherCAT03_ObjDef.obj (.data)
                  000229c0    00000068     Pos_OrigSearch.obj (.data)
                  00022a28    00000014     CLA06_IcHaus.obj (.data)
                  00022a3c    00000004     APP07_IIC.obj (.data)
                  00022a40    00000064     USB01_Descripe.obj (.data)
                  00022aa4    00000020     PM_tformat_lib_f28p65x.lib : clb_config.obj (.data:TileTformatHLCInstr)
                  00022ac4    00000020                                : clb_config.obj (.data:TileTformatRxCRCHLCInstr)
                  00022ae4    00000020     mcan.obj (.data:dataSize$27)
                  00022b04    0000001c     EtherCAT_Main.obj (.data)
                  00022b20    0000001c     Mot15_Voltage.obj (.data)
                  00022b3c    00000004     CLA07_MT6709.obj (.data)
                  00022b40    00000014     Cur03_CurSamp.obj (.data)
                  00022b54    00000012     Can06_PosCmd.obj (.data)
                  00022b66    00000012     Pr05_OrgS.obj (.data)
                  00022b78    00000008     Can00_Main.obj (.data)
                  00022b80    00000010     EtherCAT03_Pos.obj (.data)
                  00022b90    00000010     mcan.obj (.data:objSize$27)
                  00022ba0    0000000e     Pr05_OrgS.obj (.data:PrOrgCtlBitTable)
                  00022bae    0000000d     EtherCAT04_ObjDeal.obj (.data:aSubindexDesc)
                  00022bbb    0000000d     EtherCAT03_ObjDef.obj (.data:acDevicename)
                  00022bc8    0000000c     CLA07_CTek5900.obj (.data)
                  00022bd4    0000000c     Cur02_CurCmd.obj (.data)
                  00022be0    0000000c     EtherCAT03_ObjDef.obj (.data:acSoftwareversion)
                  00022bec    0000000a     CLA07_CTek5900.obj (.data:rData)
                  00022bf6    00000008     CLA02_Encode.obj (.data:retain)
                  00022bfe    00000002     CLA10_ACR0.obj (.data)
                  00022c00    00000007     CLA06_MotEncoder.obj (.data)
                  00022c07    00000007     Spd08_SpdStatus.obj (.data)
                  00022c0e    00000006     CLA09_CLAVar.obj (.data)
                  00022c14    00000006     EtherCAT04_ObjDeal.obj (.data)
                  00022c1a    00000006     EtherCAT10_EthAppl.obj (.data)
                  00022c20    00000006     rts2800_fpu64_eabi.lib : exit.c.obj (.data)
                  00022c26    00000006     usblibA.lib : usbtick.obj (.data)
                  00022c2c    00000004     Cur01_TorqCtrl.obj (.data)
                  00022c30    00000004     EtherCAT01_ContWord.obj (.data)
                  00022c34    00000004     Mot55_ErrorDeal.obj (.data)
                  00022c38    00000004     Cur15_NotchFilter.obj (.data:NotCh1Coeff)
                  00022c3c    00000004     Cur15_NotchFilter.obj (.data:NotCh2Coeff)
                  00022c40    00000004     Cur15_NotchFilter.obj (.data:NotCh3Coeff)
                  00022c44    00000004     Cur15_NotchFilter.obj (.data:NotCh4Coeff)
                  00022c48    00000004     User16_USBifMbus.obj (.data)
                  00022c4c    00000004     User17_CommMngr.obj (.data)
                  00022c50    00000003     Cur09_MotorPhase.obj (.data)
                  00022c53    00000003     EtherCAT07_EMCYCode.obj (.data)
                  00022c56    00000003     EtherCAT19_EMCY.obj (.data)
                  00022c59    00000003     Fn208_OneKeyTurn.obj (.data)
                  00022c5c    00000002     Can01_Can.obj (.data)
                  00022c5e    00000002     EtherCAT07_EthSlv.obj (.data)
                  00022c60    00000002     EtherCAT08_2000Rw.obj (.data)
                  00022c62    00000002     Fn300_ForceOut.obj (.data)
                  00022c64    00000002     Fn305_LimitSet.obj (.data)
                  00022c66    00000002     Mot63_MulAxis_485.obj (.data)
                  00022c68    00000002     User00_main.obj (.data)
                  00022c6a    00000002     UserD_Task.obj (.data)
                  00022c6c    00000002     rts2800_fpu64_eabi.lib : _lock.c.obj (.data:_lock)
                  00022c6e    00000002     usblibA.lib : usbdenum.obj (.data)
                  00022c70    00000001     APP15_Can.obj (.data)
                  00022c71    00000001     APP27_PWM.obj (.data)
                  00022c72    00000001     CLA05_DSPUpdate.obj (.data)
                  00022c73    00000001     Enc02_EncAlarm.obj (.data)
                  00022c74    00000001     EtherCAT02_ContrlMode.obj (.data)
                  00022c75    00000001     EtherCAT09_EthSDO.obj (.data)
                  00022c76    00000001     Fn002_Jog.obj (.data)
                  00022c77    00000001     Fn010_PrmAccess.obj (.data)
                  00022c78    00000001     Fn030_SoftReSet.obj (.data)
                  00022c79    00000001     Mot53_ParamMngr.obj (.data)
                  00022c7a    00000001     Mot64_SerialNum.obj (.data)
                  00022c7b    00000001     Pos15_FullClosed.obj (.data)
                  00022c7c    00000001     USB00_Main.obj (.data)
                  00022c7d    00000001     rts2800_fpu64_eabi.lib : memory.c.obj (.data)

codestart 
*          0    00088000    00000002     
                  00088000    00000002     f28p65x_codestartbranch.obj (codestart)

.text      0    00094e98    000267a7     
                  00094e98    0000201b     Fn201_AdvancedTurn.obj (.text)
                  00096eb3    00001279     User02_Paramdef.obj (.text)
                  0009812c    00001218     Mlib85E.obj (.text)
                  00099344    00001042     Can06_PosCmd.obj (.text)
                  0009a386    00000bf6     User09_MonDef.obj (.text)
                  0009af7c    00000b5a     Fn203_OnePrmTuning.obj (.text)
                  0009bad6    00000aa2     EtherCAT07_EthSlv.obj (.text)
                  0009c578    00000a20     Mot34_TuningLess.obj (.text)
                  0009cf98    00000a20     Mot55_ErrorDeal.obj (.text)
                  0009d9b8    000009e1     Mot54_ParamEeprom.obj (.text)
                  0009e399    000008f4     Mot05_VarDef.obj (.text)
                  0009ec8d    000008f1     Mot50_DIDO.obj (.text)
                  0009f57e    000008e3     EtherCAT04_ObjDeal.obj (.text)
                  0009fe61    00000893     Can04_PDOMngr.obj (.text)
                  000a06f4    0000086b     Pos_OrigSearch.obj (.text)
                  000a0f5f    00000860     User13_DataTraceMngr.obj (.text)
                  000a17bf    00000851     Fn206_EasyFFT.obj (.text)
                  000a2010    000007dd     f28p65x_defaultisr.obj (.text:retain)
                  000a27ed    000007a3     Can03_ODBMngr.obj (.text)
                  000a2f90    00000709     Mot53_ParamMngr.obj (.text)
                  000a3699    000006d0     sysctl.obj (.text)
                  000a3d69    00000682     User11_RegMngr.obj (.text)
                  000a43eb    00000650     Mot22_GainSel.obj (.text)
                  000a4a3b    00000629     Pos_PosCurveGenerator.obj (.text)
                  000a5064    0000060b     EtherCAT02_Appl.obj (.text)
                  000a566f    000005fe     Mot26_TurnLib.obj (.text)
                  000a5c6d    000005f5     Mot01_ScanA.obj (.text)
                  000a6262    000005f0     APP07_IIC.obj (.text)
                  000a6852    000005e4     User00_main.obj (.text)
                  000a6e36    000005de     EtherCAT_Main.obj (.text)
                  000a7414    000005d0     EtherCAT09_EthSDO.obj (.text)
                  000a79e4    000005cb     Pr05_OrgS.obj (.text)
                  000a7faf    00000001     rts2800_fpu64_eabi.lib : _lock.c.obj (.text)
                  000a7fb0    000005c4     Mot28_OnlineFFT.obj (.text)
                  000a8574    0000050d     mcan.obj (.text)
                  000a8a81    000004d6     usb.obj (.text)
                  000a8f57    000004bf     Pos05_MFC.obj (.text)
                  000a9416    0000049f     Mot02_ScanB.obj (.text)
                  000a98b5    00000489     Mot07_MotorParamCal.obj (.text)
                  000a9d3e    0000044c     EtherCAT03_Pos.obj (.text)
                  000aa18a    0000043b     Mot61_MotorLessTest.obj (.text)
                  000aa5c5    00000423     Mot10_ServoControl.obj (.text)
                  000aa9e8    0000041e     User08_FunMngr.obj (.text)
                  000aae06    0000040f     Fn205_MFCVibTuning.obj (.text)
                  000ab215    00000401     Mot12_MoSenclf.obj (.text)
                  000ab616    000003f2     Can01_Can.obj (.text)
                  000aba08    000003ec     CLA07_CTek5900.obj (.text)
                  000abdf4    000003c1     Pos18_MIT.obj (.text)
                  000ac1b5    000003be     Can02_ODBDef.obj (.text)
                  000ac573    000003ad     Mot30_DtraceExe.obj (.text)
                  000ac920    00000393     Cur17_OLMonitor.obj (.text)
                  000accb3    00000361     EtherCAT10_EthAppl.obj (.text)
                  000ad014    00000355     CLA07_MT6709.obj (.text)
                  000ad369    0000033d     CLA06_IcHaus.obj (.text)
                  000ad6a6    00000338     APP27_PWM.obj (.text)
                  000ad9de    00000322     User21_AlmLatchMonitor.obj (.text)
                  000add00    00000310     EtherCAT05_mailbox.obj (.text)
                  000ae010    00000308     Mot31_TableExe.obj (.text)
                  000ae318    000002ff     Pos02_PosStatus.obj (.text)
                  000ae617    000002fa     Fn200_TuningLess.obj (.text)
                  000ae911    000002f7     EtherCAT01_ContWord.obj (.text)
                  000aec08    000002ee     Fn204_ATypeVibTuning.obj (.text)
                  000aeef6    000002e7     EtherCAT01_2838x.obj (.text)
                  000af1dd    000002e5     Can07_SpdCmd.obj (.text)
                  000af4c2    000002cc     Pos16_PosCmdMange.obj (.text)
                  000af78e    000002bc     Spd03_SoftStart.obj (.text)
                  000afa4a    000002b4     Mot03_ScanC.obj (.text)
                  000afcfe    000002b1     Mot15_Voltage.obj (.text)
                  000affaf    000002a8     Mot32_JatOffLine.obj (.text)
                  000b0257    00000297     Spd01_SpdCtrl.obj (.text)
                  000b04ee    00000296     Cur15_NotchFilter.obj (.text)
                  000b0784    00000296     Pos03_PcmdFilter.obj (.text)
                  000b0a1a    00000292     Cur18_WeakMagneticControl.obj (.text)
                  000b0cac    00000284     APP09_Uart.obj (.text)
                  000b0f30    00000276     Cur13_OverTorq.obj (.text)
                  000b11a6    00000270     device.obj (.text)
                  000b1416    0000026e     CLA06_MotEncoder.obj (.text)
                  000b1684    00000266     Spd02_SpdCmd.obj (.text)
                  000b18ea    0000024f     Pr01_DICtrg.obj (.text)
                  000b1b39    0000023b     Spd13_DisturbObserver.obj (.text)
                  000b1d74    00000233     Can00_Main.obj (.text)
                  000b1fa7    00000001     rts2800_fpu64_eabi.lib : startup.c.obj (.text)
                  000b1fa8    0000022d     User18_MeModbus.obj (.text)
                  000b21d5    00000001     --HOLE-- [fill = 0]
                  000b21d6    00000226     Mot51_PanOper.obj (.text)
                  000b23fc    0000021a     Enc08_EncSoftLimit.obj (.text)
                  000b2616    00000215     Pos09_RemVibration.obj (.text)
                  000b282b    00000214     APP05_ADC.obj (.text)
                  000b2a3f    00000211     Fn004_PJog.obj (.text)
                  000b2c50    000001fc     Fn305_LimitSet.obj (.text)
                  000b2e4c    000001ec     APP15_Can.obj (.text)
                  000b3038    000001e9     EtherCAT08_2000Rw.obj (.text)
                  000b3221    000001e7     PM_tformat_lib_f28p65x.lib : clb_config.obj (.text)
                  000b3408    000001e5     Pr02_PosCurveGenerator.obj (.text)
                  000b35ed    000001e2     Cur00_Main.obj (.text)
                  000b37cf    000001dd     Mot17_MakeMonitorData.obj (.text)
                  000b39ac    000001d8     User10_MonMngr.obj (.text)
                  000b3b84    000001c5     rts2800_fpu64_eabi.lib : memory.c.obj (.text)
                  000b3d49    000001c3     Spd10_VibrSuppress.obj (.text)
                  000b3f0c    000001c1     Fn207_VibMonitor.obj (.text)
                  000b40cd    000001bd     CLA10_ACR0.obj (.text)
                  000b428a    000001bb     EtherCAT03_ObjDef.obj (.text)
                  000b4445    000001b1     Fn208_OneKeyTurn.obj (.text)
                  000b45f6    000001ae     Spd16_LoadObserver.obj (.text)
                  000b47a4    000001ad     usblibA.lib : usbdconfig.obj (.text:USBDeviceConfig)
                  000b4951    000001a9     Pos15_FullClosed.obj (.text)
                  000b4afa    000001a8     Fn002_Jog.obj (.text)
                  000b4ca2    0000019c     Pos11_PrgJog.obj (.text)
                  000b4e3e    00000198     Fn080_ZeroPhase.obj (.text)
                  000b4fd6    00000190     Enc01_Encode.obj (.text)
                  000b5166    0000018f     Cur11_RipplComp.obj (.text)
                  000b52f5    0000018b     Cur14_ZeroPhase.obj (.text)
                  000b5480    00000186     Mot06_MotorParamTable.obj (.text)
                  000b5606    0000017c     Spd14_SpdObserver.obj (.text)
                  000b5782    00000174     CanOpen_OrigSearch.obj (.text)
                  000b58f6    0000016f     epwm.obj (.text)
                  000b5a65    0000016e     Seq05_DynamicBrakeSequence.obj (.text)
                  000b5bd3    0000016b     Seq03_OverTravelSequence.obj (.text)
                  000b5d3e    00000168     gpio.obj (.text)
                  000b5ea6    00000163     Can05_SDOMngr.obj (.text)
                  000b6009    00000153     Fn010_PrmAccess.obj (.text)
                  000b615c    00000152     interrupt.obj (.text)
                  000b62ae    00000150     Pos01_PosCmd.obj (.text)
                  000b63fe    00000148     dcc.obj (.text)
                  000b6546    00000143     Cur16_TrqLimit.obj (.text)
                  000b6689    00000140     Pr04_SeveralPos.obj (.text)
                  000b67c9    0000013d     Mot16_Temperature.obj (.text)
                  000b6906    0000013d     Seq10_ControlMode.obj (.text)
                  000b6a43    00000136     APP04_GPIO.obj (.text)
                  000b6b79    00000132     Enc04_EncEepDataSumCheck.obj (.text)
                  000b6cab    00000132     Mot33_AutoNotchSet.obj (.text)
                  000b6ddd    0000012a     Fn2007.obj (.text)
                  000b6f07    0000012a     Spd06_SpdPICoeff.obj (.text)
                  000b7031    00000125     Spd11_ResVibCtrl.obj (.text)
                  000b7156    00000125     usblibA.lib : usbdenum.obj (.text:USBDGetDescriptor)
                  000b727b    0000011e     Spd08_SpdStatus.obj (.text)
                  000b7399    0000011b     Seq02_MechaBrakeSequence.obj (.text)
                  000b74b4    00000107     rts2800_fpu64_eabi.lib : ll_div28.asm.obj (.text)
                  000b75bb    00000104     MathLib02_LPF2.obj (.text)
                  000b76bf    000000ff     usblibA.lib : usbdenum.obj (.text:USBDEP0StateTxConfig)
                  000b77be    000000fd     EtherCAT01_2838x.obj (.text:retain)
                  000b78bb    000000fa     Mot40_ALMDeal.obj (.text)
                  000b79b5    000000f9     Mot43_DBBrakeProtect.obj (.text)
                  000b7aae    000000f0     Cur01_TorqCtrl.obj (.text)
                  000b7b9e    000000ee     Cur02_CurCmd.obj (.text)
                  000b7c8c    000000ee     Cur03_CurSamp.obj (.text)
                  000b7d7a    000000eb     USB00_Main.obj (.text)
                  000b7e65    000000e8     APP03_INT.obj (.text)
                  000b7f4d    000000e7     Cur19_PhaseCompGainCnt.obj (.text)
                  000b8034    000000e7     memcfg.obj (.text)
                  000b811b    000000e4     Fn008_EncUpdate.obj (.text)
                  000b81ff    000000de     Fn000_AlmTrace.obj (.text)
                  000b82dd    000000de     Fn300_ForceOut.obj (.text)
                  000b83bb    000000de     Pos07_PosClr.obj (.text)
                  000b8499    000000dd     Mot21_VibCheck.obj (.text)
                  000b8576    000000da     Seq01_MakeSeqSignal.obj (.text)
                  000b8650    000000d1     Can08_TorqCmd.obj (.text)
                  000b8721    000000cb     Fn005_UserParamInit.obj (.text)
                  000b87ec    000000cb     usblibA.lib : usbdenum.obj (.text:USBDeviceEnumHandler)
                  000b88b7    000000be     Cur10_TorqFilter.obj (.text)
                  000b8975    000000b6     PM_tformat_lib_f28p65x.lib : pm_tformat_source.obj (.text)
                  000b8a2b    000000b5     Fn007_EncEeprom.obj (.text)
                  000b8ae0    000000af     User17_CommMngr.obj (.text)
                  000b8b8f    000000ae     usblibA.lib : usbbuffer.obj (.text:HandleRxAvailable)
                  000b8c3d    000000ab     APP06_QEP.obj (.text)
                  000b8ce8    000000a3     APP16_SPI.obj (.text)
                  000b8d8b    0000009c     Pos00_Main.obj (.text)
                  000b8e27    0000009a     Enc07_TamagawaEnc.obj (.text)
                  000b8ec1    0000009a     Fn011_MotorType.obj (.text)
                  000b8f5b    0000009a     usblibA.lib : usbdenum.obj (.text:USBDeviceIntHandlerInternal)
                  000b8ff5    00000099     EtherCAT02_ContrlMode.obj (.text)
                  000b908e    00000098     Mot36_MotorStall.obj (.text)
                  000b9126    00000097     Fn304_OrgSet.obj (.text)
                  000b91bd    00000096     MlibSvc.obj (.text)
                  000b9253    00000096     Mot63_MulAxis_485.obj (.text)
                  000b92e9    00000092     usblibA.lib : usbdenum.obj (.text:USBDSetInterface)
                  000b937b    00000092     User16_USBifMbus.obj (.text)
                  000b940d    00000090     Cur21_VF.obj (.text)
                  000b949d    0000008b     Mot00_Main.obj (.text)
                  000b9528    0000008a     usblibA.lib : usbbuffer.obj (.text:ScheduleNextTransmission)
                  000b95b2    00000089     Pos06_PosPICoeff.obj (.text)
                  000b963b    00000087     APP27_PWM.obj (.text:retain)
                  000b96c2    00000086     Fn030_SoftReSet.obj (.text)
                  000b9748    00000086     usblibA.lib : usbdenum.obj (.text:USBDClearFeature)
                  000b97ce    00000080     f2838x_cpu1_system.obj (.text)
                  000b984e    0000007e     Mot13_MoSpeedlf.obj (.text)
                  000b98cc    0000007e     clb.obj (.text)
                  000b994a    0000007c     Mot38_AI12Deal.obj (.text)
                  000b99c6    0000007b     Fn302_EncFbkCntClr.obj (.text)
                  000b9a41    0000007b     Fn306_FenseClr.obj (.text)
                  000b9abc    0000007b     Mot35_MotorRunOver.obj (.text)
                  000b9b37    0000007b     Mot59_FactoryTest.obj (.text)
                  000b9bb2    0000007b     usblibA.lib : usbdenum.obj (.text:USBDStringIndexFromRequest)
                  000b9c2d    0000007a     UserC_InnerSourceTrig.obj (.text)
                  000b9ca7    00000079     Fn301_PcmdCntClr.obj (.text)
                  000b9d20    00000075     CLA00_Main.obj (.text)
                  000b9d95    00000075     Fn303_AlarmReset.obj (.text)
                  000b9e0a    00000074     Fn006_AlarmClr.obj (.text)
                  000b9e7e    00000073     UserC_SpdCmdSource.obj (.text)
                  000b9ef1    00000071     usblibA.lib : usbdenum.obj (.text:USBDSetConfiguration)
                  000b9f62    0000006d     Mot14_MRev.obj (.text)
                  000b9fcf    0000006a     MathLib01_Basic.obj (.text)
                  000ba039    0000006a     usblibA.lib : usbdenum.obj (.text:USBDGetStatus)
                  000ba0a3    00000069                 : usbdenum.obj (.text:USBDSetFeature)
                  000ba10c    00000069                 : usbdconfig.obj (.text:USBDeviceConfigAlternate)
                  000ba175    00000067                 : usbdenum.obj (.text:USBDEP0StateTx)
                  000ba1dc    00000066     Pr00_Main.obj (.text)
                  000ba242    00000066     UserC_TorqCmdSource.obj (.text)
                  000ba2a8    0000005e     Mot23_GainTable.obj (.text)
                  000ba306    0000005d     usblibA.lib : usbdbulk.obj (.text:USBDBulkPacketRead)
                  000ba363    0000005d     APP12_ScanB.obj (.text:retain)
                  000ba3c0    0000005d     APP13_ScanC.obj (.text:retain)
                  000ba41d    00000059     APP01_Timer.obj (.text)
                  000ba476    00000059     CLA02_Encode.obj (.text)
                  000ba4cf    00000059     EtherCAT19_EMCY.obj (.text)
                  000ba528    00000058     Enc02_EncAlarm.obj (.text)
                  000ba580    00000056     UserC_PosCmdSource.obj (.text)
                  000ba5d6    00000055     APP26_MotorBrake.obj (.text)
                  000ba62b    00000055     Mot27_SvcDataTrace.obj (.text)
                  000ba680    00000055     spi.obj (.text)
                  000ba6d5    00000054     Cur05_CurPID.obj (.text)
                  000ba729    00000053     PM_tformat_lib_f28p65x.lib : board.obj (.text)
                  000ba77c    00000051     Fn012_VersionChk.obj (.text)
                  000ba7cd    00000050     usblibA.lib : usbringbuf.obj (.text:USBRingBufWrite)
                  000ba81d    0000004f     EtherCAT06_PortCheck.obj (.text)
                  000ba86c    0000004e     APP11_ScanA.obj (.text:retain)
                  000ba8ba    0000004d     Spd05_SpdPhaseComp.obj (.text)
                  000ba907    0000004d     usblibA.lib : usbdbulk.obj (.text:USBDBulkPacketWrite)
                  000ba954    0000004d     UserD_Task.obj (.text)
                  000ba9a1    0000004d     usb_hal.obj (.text:retain)
                  000ba9ee    0000004c     usblibA.lib : usbdenum.obj (.text:USBDGetInterface)
                  000baa3a    0000004c     adc.obj (.text)
                  000baa86    0000004b     APP13_ScanC.obj (.text)
                  000baad1    0000004b     Seq08_ZeroClamp.obj (.text)
                  000bab1c    0000004a     usblibA.lib : usbdenum.obj (.text:USBDReadAndDispatchRequest)
                  000bab66    00000048     CLA03_TFormat.obj (.text)
                  000babae    00000048     MathLib02_LPF1.obj (.text)
                  000babf6    00000045     Seq09_StopMode.obj (.text)
                  000bac3b    00000044     usblibA.lib : usbdcdesc.obj (.text:USBDCDConfigDescGet)
                  000bac7f    00000042     Pos04_Gear.obj (.text)
                  000bacc1    00000042     usblibA.lib : usbbuffer.obj (.text:USBBufferEventCallback)
                  000bad03    00000041     Pr03_PosSpeed.obj (.text)
                  000bad44    00000041     escss.obj (.text)
                  000bad85    00000040     usblibA.lib : usbringbuf.obj (.text:USBRingBufAdvanceWrite)
                  000badc5    0000003f     sci.obj (.text)
                  000bae04    0000003e     xbar.obj (.text)
                  000bae42    0000003d     Cur22_FrictionComp.obj (.text)
                  000bae7f    0000003b     usblibA.lib : usbdconfig.obj (.text:GetEPDescriptorType)
                  000baeba    00000039                 : usbdenum.obj (.text:USBDGetConfiguration)
                  000baef3    00000035     APP12_ScanB.obj (.text)
                  000baf28    00000031     usblibA.lib : usbdcdesc.obj (.text:NextConfigDescGet)
                  000baf59    00000031                 : usbdcdesc.obj (.text:USBDCDConfigGetInterfaceEndpoint)
                  000baf8a    00000031                 : usbdenum.obj (.text:USBDeviceEnumResetHandler)
                  000bafbb    00000030     rts2800_fpu64_eabi.lib : copy_decompress_lzss.c.obj (.text:decompress:lzss)
                  000bafeb    0000002e     usblibA.lib : usbdcdesc.obj (.text:ConfigAlternateInterfaceGet)
                  000bb019    0000002c                 : usbdenum.obj (.text:USBDSetAddress)
                  000bb045    0000002c                 : usbdenum.obj (.text:USBDeviceResumeTickHandler)
                  000bb071    0000002b                 : usbtick.obj (.text:InternalUSBStartOfFrameTick)
                  000bb09c    0000002b     Mot08_BaseParamCalc.obj (.text)
                  000bb0c7    0000002b     usblibA.lib : usbdesc.obj (.text:USBDescGet)
                  000bb0f2    0000002b     rts2800_fpu64_eabi.lib : autoinit.c.obj (.text:__TI_auto_init_nobinit_nopinit)
                  000bb11d    0000002a     Fn01E_DriverType.obj (.text)
                  000bb147    0000002a     User15_UartifMbus.obj (.text)
                  000bb171    0000002a     rts2800_fpu64_eabi.lib : l_div28.asm.obj (.text)
                  000bb19b    00000029                            : exit.c.obj (.text)
                  000bb1c4    00000028     CLA05_DSPUpdate.obj (.text)
                  000bb1ec    00000027     APP28_SysDelay.obj (.text)
                  000bb213    00000027     usblibA.lib : usbbuffer.obj (.text:USBBufferInfoGet)
                  000bb23a    00000027                 : usbdbulk.obj (.text:USBDBulkRxPacketAvailable)
                  000bb261    00000026     Mot29_DtraceMngr.obj (.text)
                  000bb287    00000026     usblibA.lib : usbdesc.obj (.text:USBDescGetNum)
                  000bb2ad    00000025                 : usbdcdesc.obj (.text:USBDCDConfigDescGetNum)
                  000bb2d2    00000023                 : usbringbuf.obj (.text:USBRingBufContigFree)
                  000bb2f5    00000022     Cur06_MotorDecoup.obj (.text)
                  000bb317    00000022     Fn_Main.obj (.text)
                  000bb339    00000020     i2c.obj (.text)
                  000bb359    00000020     interrupt.obj (.text:retain)
                  000bb379    0000001f     usblibA.lib : usbbuffer.obj (.text:HandleRequestBuffer)
                  000bb398    0000001f                 : usbringbuf.obj (.text:USBRingBufAdvanceRead)
                  000bb3b7    0000001e     rts2800_fpu64_eabi.lib : ll_cmp28.asm.obj (.text)
                  000bb3d5    0000001d                            : memcpy.c.obj (.text)
                  000bb3f2    0000001c     usblibA.lib : usbdconfig.obj (.text:GetEndpointFIFOSize)
                  000bb40e    0000001b     Fn_Def.obj (.text)
                  000bb429    0000001a     PM_tformat_lib_f28p65x.lib : pm_tformat_crc_vcrc.obj (.text)
                  000bb443    0000001a     usblibA.lib : usbringbuf.obj (.text:UpdateIndexAtomic)
                  000bb45d    00000019                 : usbbuffer.obj (.text:USBBufferDataWritten)
                  000bb476    00000019                 : usbdcdesc.obj (.text:USBDCDConfigDescGetSize)
                  000bb48f    00000019                 : usbdcdesc.obj (.text:USBDCDConfigGetInterface)
                  000bb4a8    00000019                 : usbdenum.obj (.text:USBDCDStallEP0)
                  000bb4c1    00000019                 : usbringbuf.obj (.text:USBRingBufUsed)
                  000bb4da    00000019     rts2800_fpu64_eabi.lib : boot28.asm.obj (.text)
                  000bb4f3    00000018     usblibA.lib : usbdbulk.obj (.text:USBDBulkTxPacketAvailable)
                  000bb50b    00000018                 : usbringbuf.obj (.text:USBRingBufContigUsed)
                  000bb523    00000018     rts2800_fpu64_eabi.lib : ll_aox28.asm.obj (.text)
                  000bb53b    00000016     usblibA.lib : usbringbuf.obj (.text:USBRingBufFlush)
                  000bb551    00000015                 : usbbuffer.obj (.text:HandleDataRemaining)
                  000bb566    00000014                 : usbringbuf.obj (.text:USBRingBufFree)
                  000bb57a    00000012                 : usbdbulk.obj (.text:SetDeferredOpFlag)
                  000bb58c    00000012                 : usbdhandler.obj (.text:USB0DeviceIntHandler)
                  000bb59e    00000012                 : usbbuffer.obj (.text:USBBufferFlush)
                  000bb5b0    00000010                 : usbdenum.obj (.text:USBDSetDescriptor)
                  000bb5c0    00000010                 : usbdenum.obj (.text:USBDSyncFrame)
                  000bb5d0    0000000f                 : usbbuffer.obj (.text:HandleTxComplete)
                  000bb5df    0000000d                 : usbringbuf.obj (.text:Interrupt_disableMaster)
                  000bb5ec    0000000d                 : usbringbuf.obj (.text:Interrupt_enableMaster)
                  000bb5f9    0000000c     rts2800_fpu64_eabi.lib : args_main.c.obj (.text)
                  000bb605    00000009     Lib01_ResetMemory.obj (.text)
                  000bb60e    00000008     EtherCAT08_EthCOE.obj (.text)
                  000bb616    00000008     rts2800_fpu64_eabi.lib : copy_decompress_none.c.obj (.text:decompress:none)
                  000bb61e    00000008     f28p65x_codestartbranch.obj (.text)
                  000bb626    00000006     cputimer.obj (.text)
                  000bb62c    00000006     rts2800_fpu64_eabi.lib : copy_zero_init.c.obj (.text:decompress:ZI)
                  000bb632    00000006                            : memset.c.obj (.text)
                  000bb638    00000005                            : ll_abs28.asm.obj (.text)
                  000bb63d    00000002                            : pre_init.c.obj (.text)

.switch    0    000bbe70    0000013e     
                  000bbe70    00000096     <whole-program> (.switch:PDO_MapUpdate)
                  000bbf06    0000003c     <whole-program> (.switch:KpxScanWriteEepromQueue)
                  000bbf42    00000020     <whole-program> (.switch:FunAdvAutoTuningExe)
                  000bbf62    0000001c     <whole-program> (.switch:Pr_OrgStateMachine)
                  000bbf7e    00000018     <whole-program> (.switch:Can_OrigSearch_Deal)
                  000bbf96    00000018     <whole-program> (.switch:OrigSearch_Deal)

.cinit     0    000bbfb0    000004ba     
                  000bbfb0    00000484     (.cinit..data.load) [load image, compression = lzss]
                  000bc434    00000006     (__TI_handler_table)
                  000bc43a    00000005     (.cinit..TI.bound:DriverID1.load) [load image]
                  000bc43f    00000001     --HOLE-- [fill = 0]
                  000bc440    00000005     (.cinit..TI.bound:DriverID2.load) [load image]
                  000bc445    00000001     --HOLE-- [fill = 0]
                  000bc446    00000004     (.cinit..bss.load) [load image, compression = zero_init]
                  000bc44a    00000004     (.cinit..scratchpad.load) [load image, compression = zero_init]
                  000bc44e    00000004     (.cinit.Cla1DataRam.load) [load image, compression = zero_init]
                  000bc452    00000018     (__TI_cinit_table)

.reset     0    003fffc0    00000000     DSECT

.stack     0    0000c000    00001000     UNINITIALIZED
                  0000c000    00001000     --HOLE--

.bss       0    00014000    00005ee3     UNINITIALIZED
                  00014000    000020c0     User13_DataTraceMngr.obj (.bss)
                  000160c0    0000055a     Mot05_VarDef.obj (.bss)
                  0001661a    00000026     Mot13_MoSpeedlf.obj (.bss)
                  00016640    0000045e     CLA07_CTek5900.obj (.bss)
                  00016a9e    00000022     Spd03_SoftStart.obj (.bss)
                  00016ac0    00000352     UserA_Groble.obj (.bss)
                  00016e12    0000002c     CLA10_ACR0.obj (.bss)
                  00016e3e    00000002     EtherCAT08_EthCOE.obj (.bss)
                  00016e40    0000033c     Mot28_OnlineFFT.obj (.bss)
                  0001717c    00000004     Cur16_TrqLimit.obj (.bss)
                  00017180    00000338     Can04_PDOMngr.obj (.bss)
                  000174b8    00000008     Mot63_MulAxis_485.obj (.bss:MuxAxis_WriteBuf)
                  000174c0    00000283     CLA09_CLAVar.obj (.bss)
                  00017743    00000001     Mot59_FactoryTest.obj (.bss)
                  00017744    0000003c     UserA_Groble.obj (.bss:FunExeTbl)
                  00017780    00000214     User15_UartifMbus.obj (.bss)
                  00017994    00000200     Pos15_FullClosed.obj (.bss:FensePmafbuf)
                  00017b94    00000200     Pos03_PcmdFilter.obj (.bss:Pmafbuf)
                  00017d94    000001b2     Can02_ODBDef.obj (.bss:ODDatArr)
                  00017f46    0000003a     Pos15_FullClosed.obj (.bss)
                  00017f80    00000198     Mot55_ErrorDeal.obj (.bss)
                  00018118    00000028     Can07_SpdCmd.obj (.bss)
                  00018140    0000014a     CLA06_IcHaus.obj (.bss)
                  0001828a    00000036     Cur18_WeakMagneticControl.obj (.bss)
                  000182c0    00000148     Spd15_Estimate.obj (.bss)
                  00018408    00000034     Enc01_Encode.obj (.bss)
                  0001843c    00000004     Fn204_ATypeVibTuning.obj (.bss)
                  00018440    00000114     APP15_Can.obj (.bss)
                  00018554    0000002a     Can03_ODBMngr.obj (.bss)
                  0001857e    00000002     EtherCAT_Main.obj (.bss)
                  00018580    0000010a     User16_USBifMbus.obj (.bss)
                  0001868a    00000100     USB01_Descripe.obj (.bss:g_pui8USBRxBuffer)
                  0001878a    00000100     USB01_Descripe.obj (.bss:g_pui8USBTxBuffer)
                  0001888a    00000034     Mot00_Main.obj (.bss)
                  000188be    00000002     User10_MonMngr.obj (.bss)
                  000188c0    000000e6     Mot54_ParamEeprom.obj (.bss)
                  000189a6    0000001a     Fn203_OnePrmTuning.obj (.bss)
                  000189c0    000000dc     Pos05_MFC.obj (.bss)
                  00018a9c    00000022     EtherCAT10_EthAppl.obj (.bss:aPdInputData)
                  00018abe    00000002     usblibA.lib : usbdenum.obj (.bss:g_ppsDevInfo)
                  00018ac0    000000d2     Mot27_SvcDataTrace.obj (.bss)
                  00018b92    0000002a     EtherCAT07_EthSlv.obj (.bss)
                  00018bbc    00000004     Pr05_OrgS.obj (.bss)
                  00018bc0    000000c0     CLA06_MotEncoder.obj (.bss)
                  00018c80    000000bc     Mot34_TuningLess.obj (.bss)
                  00018d3c    00000004     User14_DataTraceDef.obj (.bss)
                  00018d40    000000b6     Mot01_ScanA.obj (.bss)
                  00018df6    0000000a     Mot33_AutoNotchSet.obj (.bss)
                  00018e00    000000a2     Fn201_AdvancedTurn.obj (.bss)
                  00018ea2    0000001e     Cur11_RipplComp.obj (.bss)
                  00018ec0    000000a2     Pos03_PcmdFilter.obj (.bss)
                  00018f62    000000a0     EtherCAT02_Appl.obj (.bss:PDO16XX_MapAddr)
                  00019002    000000a0     EtherCAT02_Appl.obj (.bss:PDO1AXX_MapAddr)
                  000190a2    0000001e     EtherCAT09_EthSDO.obj (.bss)
                  000190c0    00000096     Mot07_MotorParamCal.obj (.bss)
                  00019156    0000002a     Pr01_DICtrg.obj (.bss)
                  00019180    00000096     Mot61_MotorLessTest.obj (.bss)
                  00019216    0000002a     Spd10_VibrSuppress.obj (.bss)
                  00019240    00000094     Can01_Can.obj (.bss)
                  000192d4    00000084     Mot22_GainSel.obj (.bss:GselGains)
                  00019358    00000028     Mot51_PanOper.obj (.bss)
                  00019380    00000080     Mot12_MoSenclf.obj (.bss)
                  00019400    0000007c     Pos11_PrgJog.obj (.bss)
                  0001947c    00000003     Fn207_VibMonitor.obj (.bss)
                  0001947f    00000001     Pos_OrigSearch.obj (.bss)
                  00019480    0000007a     Spd13_DisturbObserver.obj (.bss)
                  000194fa    00000006     Can00_Main.obj (.bss)
                  00019500    00000078     Pos_PosCurveGenerator.obj (.bss)
                  00019578    00000008     Pr00_Main.obj (.bss)
                  00019580    00000076     Mot40_ALMDeal.obj (.bss)
                  000195f6    0000000a     Pr02_PosCurveGenerator.obj (.bss)
                  00019600    00000072     Fn206_EasyFFT.obj (.bss)
                  00019672    0000000e     Mot21_VibCheck.obj (.bss)
                  00019680    00000072     User12_FunOpeRegDef.obj (.bss)
                  000196f2    0000000e     Mot26_TurnLib.obj (.bss)
                  00019700    00000066     EtherCAT03_Pos.obj (.bss)
                  00019766    0000001a     Mot14_MRev.obj (.bss)
                  00019780    00000066     Pos00_Main.obj (.bss)
                  000197e6    0000001a     Spd11_ResVibCtrl.obj (.bss)
                  00019800    00000062     Can06_PosCmd.obj (.bss)
                  00019862    0000001c     Cur00_Main.obj (.bss)
                  0001987e    00000002     rts2800_fpu64_eabi.lib : memory.c.obj (.bss)
                  00019880    00000062     EtherCAT04_ObjDeal.obj (.bss)
                  000198e2    0000001c     Cur15_NotchFilter.obj (.bss)
                  000198fe    00000001     USB00_Main.obj (.bss)
                  000198ff    00000001     User18_MeModbus.obj (.bss)
                  00019900    00000060     Mot22_GainSel.obj (.bss)
                  00019960    00000020     Cur10_TorqFilter.obj (.bss)
                  00019980    0000005a     EtherCAT05_mailbox.obj (.bss)
                  000199da    00000026     Spd14_SpdObserver.obj (.bss)
                  00019a00    00000040     Mot32_JatOffLine.obj (.bss)
                  00019a40    00000040     APP07_IIC.obj (.bss:RX_MsgBuffer)
                  00019a80    00000040     APP07_IIC.obj (.bss:TX_MsgBuffer)
                  00019ac0    00000040     usblibA.lib : usbdenum.obj (.bss:g_pui8DataBufferIn)
                  00019b00    0000003c     Mot17_MakeMonitorData.obj (.bss)
                  00019b3c    00000004     --HOLE--
                  00019b40    0000003a     Spd00_Main.obj (.bss)
                  00019b7a    00000006     EtherCAT03_ObjDef.obj (.bss)
                  00019b80    00000034     Mot53_ParamMngr.obj (.bss)
                  00019bb4    0000000c     Can02_ODBDef.obj (.bss)
                  00019bc0    00000034     Spd16_LoadObserver.obj (.bss)
                  00019bf4    00000032     usblibA.lib : usbdenum.obj (.bss:g_psDCDInst)
                  00019c26    00000018     Mot22_GainSel.obj (.bss:GselDobs)
                  00019c3e    00000002     --HOLE--
                  00019c40    00000030     Mot31_TableExe.obj (.bss)
                  00019c70    00000010     Can08_TorqCmd.obj (.bss)
                  00019c80    00000030     Pos18_MIT.obj (.bss)
                  00019cb0    00000022     EtherCAT10_EthAppl.obj (.bss:aPdOutputData)
                  00019cd2    0000001c     UserC_InnerSourceTrig.obj (.bss)
                  00019cee    00000011     CLA02_Encode.obj (.bss)
                  00019cff    00000001     --HOLE--
                  00019d00    00000018     Pos02_PosStatus.obj (.bss)
                  00019d18    00000016     APP07_IIC.obj (.bss)
                  00019d2e    00000010     EtherCAT10_EthAppl.obj (.bss)
                  00019d3e    00000002     --HOLE--
                  00019d40    00000016     Mot50_DIDO.obj (.bss)
                  00019d56    00000016     Pos09_RemVibration.obj (.bss)
                  00019d6c    00000014     CLA07_MT6709.obj (.bss)
                  00019d80    00000016     User17_CommMngr.obj (.bss)
                  00019d96    00000014     Cur21_VF.obj (.bss)
                  00019daa    00000014     Cur22_FrictionComp.obj (.bss)
                  00019dbe    00000002     --HOLE--
                  00019dc0    00000014     Mot38_AI12Deal.obj (.bss)
                  00019dd4    00000014     Pos07_PosClr.obj (.bss)
                  00019de8    00000013     Seq00_Main.obj (.bss)
                  00019dfb    00000005     APP26_MotorBrake.obj (.bss)
                  00019e00    00000010     EtherCAT19_EMCY.obj (.bss)
                  00019e10    00000010     Mot36_MotorStall.obj (.bss)
                  00019e20    00000010     Mot63_MulAxis_485.obj (.bss:MuxAxis_ReadBuf)
                  00019e30    00000010     Spd02_SpdCmd.obj (.bss)
                  00019e40    0000000d     Cur14_ZeroPhase.obj (.bss)
                  00019e4d    0000000c     Fn208_OneKeyTurn.obj (.bss)
                  00019e59    00000001     --HOLE--
                  00019e5a    0000000c     Mot16_Temperature.obj (.bss)
                  00019e66    0000000c     User00_main.obj (.bss)
                  00019e72    0000000c     usblibA.lib : usbtick.obj (.bss:g_pfnTickHandlers)
                  00019e7e    0000000c                 : usbtick.obj (.bss:g_pvTickInstance)
                  00019e8a    0000000c     CLA02_Encode.obj (.bss:tformatRxData)
                  00019e96    0000000b     EtherCAT06_PortCheck.obj (.bss)
                  00019ea1    0000000a     CLA07_MT6709.obj (.bss:SpiBRxBuf8)
                  00019eab    0000000a     CLA06_IcHaus.obj (.bss:icMuPosA)
                  00019eb5    00000009     Fn205_MFCVibTuning.obj (.bss)
                  00019ebe    00000007     EtherCAT09_EthSDO.obj (.bss:aSdoInfoHeader)
                  00019ec5    00000001     --HOLE--
                  00019ec6    00000006     Pr03_PosSpeed.obj (.bss)
                  00019ecc    00000006     UserC_PosCmdSource.obj (.bss)
                  00019ed2    00000006     CLA02_Encode.obj (.bss:retain)
                  00019ed8    00000005     CLA07_CTek5900.obj (.bss:KTH5900)
                  00019edd    00000001     --HOLE--
                  00019ede    00000005     User11_RegMngr.obj (.bss)

.init_array 
*          0    00088008    00000000     UNINITIALIZED

.const     0    00088040    0000ce56     
                  00088040    000029f0     User02_Paramdef.obj (.const)
                  0008aa30    00000d1c     User02_Paramdef.obj (.const:PnPrmTbl)
                  0008b74c    00000033     Mot16_Temperature.obj (.const:MOTTable3)
                  0008b77f    00000001     --HOLE-- [fill = 0]
                  0008b780    00000bde     User09_MonDef.obj (.const)
                  0008c35e    000007f0     RB200-001B.obj (.const:DriverTabDef_001B)
                  0008cb4e    000007f0     RB200-001E.obj (.const:DriverTabDef_001E)
                  0008d33e    000007f0     RB200-002E.obj (.const:DriverTabDef_002E)
                  0008db2e    000007f0     RB200-003E.obj (.const:DriverTabDef_003E)
                  0008e31e    000007f0     RB200-004E.obj (.const:DriverTabDef_004E)
                  0008eb0e    000007f0     RB200-005E.obj (.const:DriverTabDef_005E)
                  0008f2fe    000007f0     RB200-006E.obj (.const:DriverTabDef_006E)
                  0008faee    000007f0     RB200-007E.obj (.const:DriverTabDef_007E)
                  000902de    000007f0     RB200-008E.obj (.const:DriverTabDef_008E)
                  00090ace    00000032     EtherCAT02_Appl.obj (.const:.string:aName0x6091)
                  00090b00    00000734     Fn_Def.obj (.const)
                  00091234    00000604     User12_FunOpeRegDef.obj (.const:FunOpeRegDefTbl)
                  00091838    00000474     User09_MonDef.obj (.const:UnRegTbl)
                  00091cac    00000400     MlibSvc.obj (.const:MlibFastSinTbl)
                  000920ac    00000303     EtherCAT02_Appl.obj (.const:asDT20XXEntryDesc)
                  000923af    000002d0     User06_ErrorDef.obj (.const:AlmDefTbl)
                  0009267f    000002b3     EtherCAT02_Appl.obj (.const:.string:aName0x6100)
                  00092932    0000028b     Can02_ODBDef.obj (.const:ObjectDictionaryAttriub)
                  00092bbd    00000001     --HOLE-- [fill = 0]
                  00092bbe    0000024c     User09_MonDef.obj (.const:UnMonTbl)
                  00092e0a    000001e3     EtherCAT02_Appl.obj (.const:asDT2ExxEntryDesc)
                  00092fed    000001e0     Mot06_MotorParamTable.obj (.const:MtrParaTable)
                  000931cd    0000002f     Mot16_Temperature.obj (.const:IGBTTableOv80degree)
                  000931fc    00000004     EtherCAT19_EMCY.obj (.const:acEmcyCoeHeader)
                  00093200    000001c0     f28p65x_pievect.obj (.const)
                  000933c0    0000013e     User14_DataTraceDef.obj (.const:TrcVarTbl)
                  000934fe    00000102     MlibSvc.obj (.const:MlibAtanTbl)
                  00093600    00000100     EtherCAT03_ObjDef.obj (.const:.string:aName0x1C32)
                  00093700    00000100     <whole-program> (.const:.string)
                  00093800    00000100     EtherCAT07_EMCYCode.obj (.const:EmcyCode)
                  00093900    000000ff     EtherCAT03_ObjDef.obj (.const:.string:aName0x1C33)
                  000939ff    000000e6     Mot16_Temperature.obj (.const:IGBTTabel)
                  00093ae5    00000001     --HOLE-- [fill = 0]
                  00093ae6    000000d4     User14_DataTraceDef.obj (.const:TrcBitTbl)
                  00093bba    00000084     Mot23_GainTable.obj (.const:GainSel_tbl)
                  00093c3e    0000007e     User06_ErrorDef.obj (.const:WrnDefTbl)
                  00093cbc    00000078     Fn_Def.obj (.const:FnFunTbl)
                  00093d34    00000063     EtherCAT03_ObjDef.obj (.const:asEntryDesc0x1C3x)
                  00093d97    00000001     --HOLE-- [fill = 0]
                  00093d98    00000060     usblibA.lib : usbdconfig.obj (.const:.string)
                  00093df8    0000005e                 : usbdbulk.obj (.const:.string)
                  00093e56    0000005e                 : usbdenum.obj (.const:.string)
                  00093eb4    0000005a     User18_MeModbus.obj (.const:RegFuncTbl)
                  00093f0e    00000059     usblibA.lib : usbringbuf.obj (.const:.string)
                  00093f67    00000001     --HOLE-- [fill = 0]
                  00093f68    00000058                 : usbbuffer.obj (.const:.string)
                  00093fc0    00000049     EtherCAT02_Appl.obj (.const:.string:aName0x6099)
                  00094009    00000046     EtherCAT02_Appl.obj (.const:.string:aName0x60C2)
                  0009404f    00000001     --HOLE-- [fill = 0]
                  00094050    00000046     Mot15_Voltage.obj (.const:AmpVtbl)
                  00094096    00000044     ipc.obj (.const:IPC_Instance)
                  000940da    00000042     EtherCAT02_Appl.obj (.const:.string:aName0xF000)
                  0009411c    00000042     Cur15_NotchFilter.obj (.const:DPHTable)
                  0009415e    00000040     EtherCAT02_Appl.obj (.const:.string:aName0x607D)
                  0009419e    0000003f     EtherCAT03_ObjDef.obj (.const:.string:aName0x10F1)
                  000941dd    0000003c     EtherCAT02_Appl.obj (.const:.string:aName0x60C1)
                  00094219    00000001     --HOLE-- [fill = 0]
                  0009421a    0000003c     EtherCAT09_EthSDO.obj (.const:cAbortCode)
                  00094256    00000039     EtherCAT03_ObjDef.obj (.const:.string:aName0x1018)
                  0009428f    00000039     Mot16_Temperature.obj (.const:MOTTable2)
                  000942c8    00000038     USB01_Descripe.obj (.const:g_pui8ManufacturerString)
                  00094300    00000036     Mot16_Temperature.obj (.const:MOTTable4)
                  00094336    00000036     EtherCAT02_Appl.obj (.const:asEntryDesc0x6100)
                  0009436c    0000002e     Mot51_PanOper.obj (.const:.string:ledconvtbl)
                  0009439a    00000028     USB01_Descripe.obj (.const:g_pui8ProductString)
                  000943c2    00000027     EtherCAT02_Appl.obj (.const:.string:aName0x60FE)
                  000943e9    00000001     --HOLE-- [fill = 0]
                  000943ea    00000024     Mot54_ParamEeprom.obj (.const:DriverTabDefIndex)
                  0009440e    00000024     USB01_Descripe.obj (.const:g_pui8ConfigString)
                  00094432    0000000e     EtherCAT02_Appl.obj (.const:.string:aName0x6098)
                  00094440    00000022     CLA02_Encode.obj (.const)
                  00094462    0000001e     EtherCAT02_Appl.obj (.const:.string:aName0x605C)
                  00094480    00000021     EtherCAT02_Appl.obj (.const)
                  000944a1    00000021     EtherCAT02_Appl.obj (.const:asEntryDesc0x16xx)
                  000944c2    00000021     EtherCAT02_Appl.obj (.const:asEntryDesc0x1Axx)
                  000944e3    00000020     Mot26_TurnLib.obj (.const:ANotchTbl)
                  00094503    0000001f     Mot16_Temperature.obj (.const:MOTTable1)
                  00094522    0000001e     EtherCAT02_Appl.obj (.const:.string:aName0x60C0)
                  00094540    0000001e     USB01_Descripe.obj (.const:g_pui8DataInterfaceString)
                  0009455e    0000001d     EtherCAT02_Appl.obj (.const:.string:aName0x60F4)
                  0009457b    0000001d     EtherCAT02_Appl.obj (.const:.string:aName0xF030)
                  00094598    0000001b     EtherCAT08_2000Rw.obj (.const:.string:IndexLength)
                  000945b3    0000001b     EtherCAT02_Appl.obj (.const:.string:aName0x6061)
                  000945ce    0000001b     EtherCAT02_Appl.obj (.const:.string:aName0x6063)
                  000945e9    0000001b     EtherCAT02_Appl.obj (.const:.string:aName0x60BA)
                  00094604    0000001b     EtherCAT02_Appl.obj (.const:.string:aName0x60BB)
                  0009461f    0000001b     EtherCAT02_Appl.obj (.const:.string:aName0x60BC)
                  0009463a    0000001b     EtherCAT02_Appl.obj (.const:.string:aName0x60BD)
                  00094655    00000001     --HOLE-- [fill = 0]
                  00094656    0000001a     usblibA.lib : usbdenum.obj (.const:g_psUSBDStdRequests)
                  00094670    00000019     Mot16_Temperature.obj (.const:IGBTTableNeg)
                  00094689    00000019     USB01_Descripe.obj (.const:g_pui8SerialNumberString)
                  000946a2    00000018     EtherCAT02_Appl.obj (.const:.string:aName0x6065)
                  000946ba    00000018     EtherCAT02_Appl.obj (.const:.string:aName0x6070)
                  000946d2    00000018     EtherCAT02_Appl.obj (.const:.string:aName0x6085)
                  000946ea    00000018     EtherCAT02_Appl.obj (.const:.string:aName0x60F2)
                  00094702    00000016     EtherCAT02_Appl.obj (.const:.string:aName0x605A)
                  00094718    00000016     EtherCAT02_Appl.obj (.const:.string:aName0x6062)
                  0009472e    00000016     EtherCAT02_Appl.obj (.const:.string:aName0x6064)
                  00094744    00000016     EtherCAT02_Appl.obj (.const:.string:aName0x606B)
                  0009475a    00000016     EtherCAT02_Appl.obj (.const:.string:aName0x606C)
                  00094770    00000016     EtherCAT02_Appl.obj (.const:.string:aName0x60E0)
                  00094786    00000016     EtherCAT02_Appl.obj (.const:.string:aName0x60FC)
                  0009479c    00000016     EtherCAT02_Appl.obj (.const:.string:aName0x6502)
                  000947b2    00000015     EtherCAT02_Appl.obj (.const:.string:aName0x605B)
                  000947c7    00000015     EtherCAT02_Appl.obj (.const:.string:aName0x6068)
                  000947dc    00000015     EtherCAT02_Appl.obj (.const:.string:aName0x606E)
                  000947f1    00000015     EtherCAT02_Appl.obj (.const:.string:aName0x6078)
                  00094806    00000015     EtherCAT02_Appl.obj (.const:.string:aName0x607F)
                  0009481b    00000015     EtherCAT02_Appl.obj (.const:.string:aName0x6083)
                  00094830    00000015     EtherCAT02_Appl.obj (.const:.string:aName0x6084)
                  00094845    00000015     EtherCAT02_Appl.obj (.const:.string:aName0x60B8)
                  0009485a    00000015     EtherCAT02_Appl.obj (.const:.string:aName0x60E1)
                  0009486f    00000015     EtherCAT02_Appl.obj (.const:.string:aName0xF050)
                  00094884    00000014     EtherCAT02_Appl.obj (.const:.string:aName0x605E)
                  00094898    00000014     EtherCAT02_Appl.obj (.const:.string:aName0x6074)
                  000948ac    00000014     EtherCAT02_Appl.obj (.const:.string:aName0x6077)
                  000948c0    00000014     EtherCAT02_Appl.obj (.const:.string:aName0x6086)
                  000948d4    00000014     EtherCAT02_Appl.obj (.const:.string:aName0x609A)
                  000948e8    00000014     EtherCAT02_Appl.obj (.const:.string:aName0xF010)
                  000948fc    00000014     Mot22_GainSel.obj (.const:GselTbl)
                  00094910    00000014     Mot34_TuningLess.obj (.const:TuneLessExGainTbl)
                  00094924    00000014     Mot34_TuningLess.obj (.const:TuneLessGainTbl)
                  00094938    00000014     Mot53_ParamMngr.obj (.const:dec_power_tbl)
                  0009494c    00000014     Mot51_PanOper.obj (.const:decpowertbl)
                  00094960    00000013     EtherCAT02_Appl.obj (.const:.string:aName0x6060)
                  00094973    00000013     EtherCAT02_Appl.obj (.const:.string:aName0x606F)
                  00094986    00000013     EtherCAT02_Appl.obj (.const:.string:aName0x6075)
                  00094999    00000013     EtherCAT02_Appl.obj (.const:.string:aName0x60B9)
                  000949ac    00000012     EtherCAT03_ObjDef.obj (.const:.string:aName0x1C00)
                  000949be    00000012     EtherCAT02_Appl.obj (.const:.string:aName0x6076)
                  000949d0    00000011     EtherCAT03_ObjDef.obj (.const:.string:aName0x1009)
                  000949e1    00000011     EtherCAT03_ObjDef.obj (.const:.string:aName0x100A)
                  000949f2    00000011     EtherCAT02_Appl.obj (.const:.string:aName0x605D)
                  00094a03    00000011     EtherCAT02_Appl.obj (.const:.string:aName0x6081)
                  00094a14    00000011     EtherCAT02_Appl.obj (.const:.string:aName0x60C5)
                  00094a25    00000011     EtherCAT02_Appl.obj (.const:.string:aName0x60C6)
                  00094a36    00000010     EtherCAT02_Appl.obj (.const:.string:aName0x16xx)
                  00094a46    00000010     EtherCAT02_Appl.obj (.const:.string:aName0x1Axx)
                  00094a56    00000010     EtherCAT02_Appl.obj (.const:.string:aName0x6067)
                  00094a66    00000010     EtherCAT02_Appl.obj (.const:.string:aName0x606D)
                  00094a76    00000010     EtherCAT02_Appl.obj (.const:.string:aName0x607A)
                  00094a86    00000010     EtherCAT02_Appl.obj (.const:.string:aName0x6080)
                  00094a96    00000010     EtherCAT02_Appl.obj (.const:.string:aName0x60B0)
                  00094aa6    00000010     EtherCAT02_Appl.obj (.const:.string:aName0x60B1)
                  00094ab6    00000010     EtherCAT02_Appl.obj (.const:.string:aName0x60FF)
                  00094ac6    00000010     Mot51_PanOper.obj (.const:.string:ledcodetbl)
                  00094ad6    00000010     Can02_ODBDef.obj (.const:ADDR100X)
                  00094ae6    00000010     Can02_ODBDef.obj (.const:ADDR101X)
                  00094af6    00000010     Can02_ODBDef.obj (.const:ADDR102X)
                  00094b06    00000010     Can02_ODBDef.obj (.const:ADDR120X)
                  00094b16    00000010     Can02_ODBDef.obj (.const:ADDR140X)
                  00094b26    00000010     Can02_ODBDef.obj (.const:ADDR160X)
                  00094b36    00000010     Can02_ODBDef.obj (.const:ADDR180X)
                  00094b46    00000010     Can02_ODBDef.obj (.const:ADDR1A0X)
                  00094b56    00000010     Can02_ODBDef.obj (.const:ADDR603X)
                  00094b66    00000010     Can02_ODBDef.obj (.const:ADDR604X)
                  00094b76    00000010     Can02_ODBDef.obj (.const:ADDR605X)
                  00094b86    00000010     Can02_ODBDef.obj (.const:ADDR606X)
                  00094b96    00000010     Can02_ODBDef.obj (.const:ADDR607X)
                  00094ba6    00000010     Can02_ODBDef.obj (.const:ADDR608X)
                  00094bb6    00000010     Can02_ODBDef.obj (.const:ADDR609X)
                  00094bc6    00000010     Can02_ODBDef.obj (.const:ADDR60AX)
                  00094bd6    00000010     Can02_ODBDef.obj (.const:ADDR60BX)
                  00094be6    00000010     Can02_ODBDef.obj (.const:ADDR60CX)
                  00094bf6    00000010     Can02_ODBDef.obj (.const:ADDR60DX)
                  00094c06    00000010     Can02_ODBDef.obj (.const:ADDR60EX)
                  00094c16    00000010     Can02_ODBDef.obj (.const:ADDR60FX)
                  00094c26    00000010     Can02_ODBDef.obj (.const:ADDR610X)
                  00094c36    00000010     Can02_ODBDef.obj (.const:ADDR650X)
                  00094c46    00000010     CLA09_CLAVar.obj (.const)
                  00094c56    00000010     EtherCAT04_ObjDeal.obj (.const:cBitMask)
                  00094c66    00000010     Mot53_ParamMngr.obj (.const:nbl_mask_table)
                  00094c76    0000000f     EtherCAT03_ObjDef.obj (.const:.string:aName0x1001)
                  00094c85    0000000f     EtherCAT03_ObjDef.obj (.const)
                  00094c94    0000000f     EtherCAT03_ObjDef.obj (.const:asEntryDesc0x1018)
                  00094ca3    0000000e     EtherCAT02_Appl.obj (.const:.string:aName0x60B2)
                  00094cb1    0000000e     EtherCAT02_Appl.obj (.const:.string:aName0x60FD)
                  00094cbf    0000000d     EtherCAT02_Appl.obj (.const:.string:aName0x1C12)
                  00094ccc    0000000d     EtherCAT02_Appl.obj (.const:.string:aName0x1C13)
                  00094cd9    0000000d     EtherCAT02_Appl.obj (.const:.string:aName0x6040)
                  00094ce6    0000000d     EtherCAT02_Appl.obj (.const:.string:aName0x6071)
                  00094cf3    0000000d     EtherCAT02_Appl.obj (.const:.string:aName0x6087)
                  00094d00    0000000c     EtherCAT03_ObjDef.obj (.const:.string:aName0x1000)
                  00094d0c    0000000c     EtherCAT03_ObjDef.obj (.const:.string:aName0x1008)
                  00094d18    0000000c     EtherCAT02_Appl.obj (.const:.string:aName0x6041)
                  00094d24    0000000c     EtherCAT02_Appl.obj (.const:.string:aName0x607C)
                  00094d30    0000000c     USB01_Descripe.obj (.const:g_ppui8StringDescriptors)
                  00094d3c    0000000b     EtherCAT02_Appl.obj (.const:.string:aName0x603F)
                  00094d47    0000000b     EtherCAT02_Appl.obj (.const:.string:aName0x6072)
                  00094d52    0000000a     Mot34_TuningLess.obj (.const:TuneLessJrateTbl1)
                  00094d5c    0000000a     Mot34_TuningLess.obj (.const:TuneLessJrateTbl2)
                  00094d66    00000009     EtherCAT02_Appl.obj (.const:.string:aName0x607E)
                  00094d6f    00000009     EtherCAT03_ObjDef.obj (.const:asEntryDesc0x10F1)
                  00094d78    00000009     EtherCAT02_Appl.obj (.const:asEntryDesc0x607D)
                  00094d81    00000009     EtherCAT02_Appl.obj (.const:asEntryDesc0x6091)
                  00094d8a    00000009     EtherCAT02_Appl.obj (.const:asEntryDesc0x6099)
                  00094d93    00000009     EtherCAT02_Appl.obj (.const:asEntryDesc0x60C1)
                  00094d9c    00000009     EtherCAT02_Appl.obj (.const:asEntryDesc0x60C2)
                  00094da5    00000009     EtherCAT02_Appl.obj (.const:asEntryDesc0x60FE)
                  00094dae    00000009     EtherCAT02_Appl.obj (.const:asEntryDesc0xF000)
                  00094db7    00000009     EtherCAT02_Appl.obj (.const:asEntryDesc0xF010)
                  00094dc0    00000009     EtherCAT02_Appl.obj (.const:asEntryDesc0xF030)
                  00094dc9    00000009     EtherCAT02_Appl.obj (.const:asEntryDesc0xF050)
                  00094dd2    00000008     PM_tformat_lib_f28p65x.lib : clb_config.obj (.const:TileTformatRxCRC_HLC_initFIFOData)
                  00094dda    00000008                                : clb_config.obj (.const:TileTformat_HLC_initFIFOData)
                  00094de2    00000006     CLA07_MT6709.obj (.const:DUMMY_BYTE)
                  00094de8    00000006     EtherCAT03_ObjDef.obj (.const:asEntryDesc0x1C00)
                  00094dee    00000006     EtherCAT02_Appl.obj (.const:asPDOAssignEntryDesc)
                  00094df4    00000005     CLA07_CTek5900.obj (.const:CTek5900_PosWCmd)
                  00094df9    00000004     USB01_Descripe.obj (.const:g_pui8LangDescriptor)
                  00094dfd    00000003     EtherCAT02_Appl.obj (.const:asEntryDesc0x6062)
                  00094e00    00000003     EtherCAT02_Appl.obj (.const:asEntryDesc0x6063)
                  00094e03    00000003     EtherCAT02_Appl.obj (.const:asEntryDesc0x6065)
                  00094e06    00000003     EtherCAT02_Appl.obj (.const:asEntryDesc0x6067)
                  00094e09    00000003     EtherCAT02_Appl.obj (.const:asEntryDesc0x6068)
                  00094e0c    00000003     EtherCAT02_Appl.obj (.const:asEntryDesc0x606B)
                  00094e0f    00000003     EtherCAT02_Appl.obj (.const:asEntryDesc0x606C)
[...]
0     000b40b3  FunVibMonitorBegin                   
0     000b40cd  CLA_TaskB                            
0     000b428a  COE_UpdateSyncErrorStatus            
0     000b42b3  COE_SyncTimeStamp                    
0     000b42f2  AddObjectsToObjDictionary            
0     000b433d  COE_ObjInit                          
0     000b4407  COE_Main                             
0     000b4445  OneKeyTurnExe                        
0     000b44f7  OneKeyTurnBegin                      
0     000b458c  OneKeyPrmResume                      
0     000b45e0  OneKeyTurnEnd                        
0     000b45f6  TlObs_Init                           
0     000b46a5  TlObs_Main                           
0     000b47a4  USBDeviceConfig                      
0     000b4951  IprmcalFullClosedEnc                 
0     000b496d  KpxInitFullClosedMaFilter            
0     000b49c8  LpxReadFencPosition                  
0     000b4a5b  FensecmdMoveAvergeFilter             
0     000b4abd  LpxCheckSemiFullPerrOverFlow         
0     000b4afa  FunJogEnd                            
0     000b4b09  FunJogDisplay                        
0     000b4b46  FunJogExe                            
0     000b4c8d  FunJogBegin                          
0     000b4ca2  PcalPjogRotspd                       
0     000b4d11  IprmcalPrgJog                        
0     000b4d23  PcalPjogDistance                     
0     000b4d32  CpxPrgJogPosSequence                 
0     000b4e3e  Fn080_ZeroPhase_End                  
0     000b4e50  Fn080_ZeroPhase_Exe                  
0     000b4fbe  Fn080_ZeroPhase_Start                
0     000b4fd6  MotorEncType_Init                    
0     000b50c7  MEncClrDeal                          
0     000b5116  MotorInfWriteToEnc                   
0     000b5166  PcalVelRippleComp                    
0     000b5220  ApxVelRippleComp                     
0     000b52f5  ZeroPhaseDeal                        
0     000b5480  MotTableMap                          
0     000b55c2  KpxCheckAmpMotType                   
0     000b5606  PcalEhSpeedObserver                  
0     000b56d8  LpxInitEhSpeedObserver               
0     000b56de  IprmcalEhSpeedObserver               
0     000b56f9  ApxEhSpeedObserver                   
0     000b5782  Can_OrgZeroPosDeal                   
0     000b581b  Can_OrigSearch_Deal                  
0     000b586c  Can_OrigSearch_ParamUpdate           
0     000b58f6  EPWM_setEmulationMode                
0     000b58ff  EPWM_configureSignal                 
0     000b5a65  LpxDynamicBrakeSequence              
0     000b5bd3  LpxOverTravelSequence                
0     000b5d3e  GPIO_setPinConfig                    
0     000b5d6e  GPIO_setDirectionMode                
0     000b5d8e  GPIO_setPadConfig                    
0     000b5dcd  GPIO_setMasterCore                   
0     000b5def  GPIO_setQualificationMode            
0     000b5e11  GPIO_setAnalogMode                   
0     000b5e6b  GPIO_setInterruptPin                 
0     000b5e8b  GPIO_setQualificationPeriod          
0     000b5ea6  ODB2XXX_ReadDeal                     
0     000b5f00  ODB2EXX_ReadData                     
0     000b5f03  ODB2EXX_ReadDeal                     
0     000b5f5e  ODB2XXX_WriteDeal                    
0     000b6009  FunAccessSetInit                     
0     000b6016  FunAccessSetEnd                      
0     000b601a  RpiFunSetAccesslvl                   
0     000b60a0  FunAccessSetExe                      
0     000b615c  Interrupt_initVectorTable            
0     000b6179  Interrupt_initModule                 
0     000b61ba  Interrupt_enable                     
0     000b6264  Interrupt_disable                    
0     000b62ae  KpxInputScanB                        
0     000b648b  DCC_verifyClockFrequency             
0     000b6546  BpxTorqueLimitControl                
0     000b6689  PrPosSwitch                          
0     000b669a  PrModeCirclePos                      
0     000b66f5  PrModeSequencePos                    
0     000b676e  PrModeSeveralPos                     
0     000b67c9  LpxCheckHeatSinkAlm                  
0     000b6906  LpxCselControlMode                   
0     000b6981  LpxControlModeManager                
0     000b6a43  InitCpu1_GPIO                        
0     000b6b79  EncEepExplain                        
0     000b6c0d  EncEepBufPackage                     
0     000b6cab  LpxUpdateALanotchPrmInEeprom         
0     000b6cdc  RpxAnotchRound                       
0     000b6ddd  FunTableCmdEnd                       
0     000b6dfd  FunTableCmdExe                       
0     000b6ef9  FunTableCmdBegin                     
0     000b6f07  PcalBaseSpeedFFControl               
0     000b6f42  PcalBaseSpeedControl                 
0     000b700b  PcalBaseTrqLpassFilter               
0     000b7031  BpiPcalVibrationDetect               
0     000b7081  BpxVibrationDetect                   
0     000b727b  LpxCanOpenCheckMotorVcmp             
0     000b72dd  LpxEtherCatCheckVelCmpOver           
0     000b733e  LpxEtherCatCheckMotorVcmp            
0     000b7399  LpxMechaBrakeSequence                
0     000b74b4  __c28xabi_divll                      
0     000b74f0  __c28xabi_modll                      
0     000b752a  __c28xabi_divull                     
0     000b7559  __c28xabi_modull                     
0     000b75bb  PcalLowfilter2                       
0     000b7681  MlibLowPassfilter2                   
0     000b77be  ESC_applicationSync1Handler          
0     000b7802  ESC_applicationSync0Handler          
0     000b7877  ESC_applicationLayerHandler          
0     000b78bb  CpxCheckAlarm                        
0     000b79b5  PcalDbrakeOverLoadLevel              
0     000b7aae  LpxTorqueControl                     
0     000b7b9e  KpiTorqueLevelCal                    
0     000b7bbd  KpiEtherCatInputTrqRef               
0     000b7c8c  MotA_CurrentZeroSet                  
0     000b7d7a  ModeCallback                         
0     000b7df2  RxHandler                            
0     000b7e13  TxHandler                            
0     000b7e15  UsbDataSend                          
0     000b7e65  ECAP0_init                           
0     000b7ead  ECAP1_init                           
0     000b7ef4  InitCpu1_IntSrc                      
0     000b7f4d  LpxPcalPcmpCalGain                   
0     000b8034  MemCfg_initSections                  
0     000b8077  MemCfg_getInitStatus                 
0     000b80ca  MemCfg_setLSRAMMasterSel             
0     000b811b  Fn008_EncUpdate_End                  
0     000b8123  FunMultiTurnResetDisplay             
0     000b8147  Fn008_EncUpdate_Exe                  
0     000b81e9  Fn008_EncUpdate_Start                
0     000b81ff  Fn000_AlmTrace_End                   
0     000b8203  FunAlarmTraceDataDisplay             
0     000b828e  Fn000_AlmTrace_Exe                   
0     000b82db  Fn000_AlmTrace_Start                 
0     000b82dd  FunForceOutEnd                       
0     000b82e4  FunForceOutExe                       
0     000b83ad  FunForceOutBegin                     
0     000b83bb  BpxEdgeClrSvcPositionManager         
0     000b83ed  PosClrDeal                           
0     000b8499  LpxCheckSvcVibration                 
0     000b8522  LpxCheckSvcLowFreqVibration          
0     000b8576  CpiGetRoundServoControl              
0     000b8586  LpxMakeSequenceSignal                
0     000b8650  KpiCanOpenInputTrqRef                
0     000b8721  FunUserParamInitEnd                  
0     000b8725  FunUserParamInitExe                  
0     000b87df  FunUserParamInitBegin                
0     000b87ec  USBDeviceEnumHandler                 
0     000b88b7  BaseTorqueFilter                     
0     000b8975  tformat_receiveDataError             
0     000b899f  PM_tformat_startOperation            
0     000b89af  PM_tformat_setupPeriph               
0     000b8a0a  PM_tformat_setupCommand              
0     000b8a0c  PM_tformat_setFreq                   
0     000b8a29  PM_tformat_receiveData               
0     000b8a2b  Fn007_EncEeprom_End                  
0     000b8a2f  EncEEpromDataWriteDisplay            
0     000b8a53  Fn007_EncEeprom_Exe                  
0     000b8ac8  Fn007_EncEeprom_Start                
0     000b8ae0  DriComSetTrnsStart                   
0     000b8b13  DriComGetRcvComplete                 
0     000b8b2c  SerialMsgManager                     
0     000b8c3d  InitCpu1_eQEP                        
0     000b8d06  InitCpu1_SPIB                        
0     000b8d8b  BasePositionControl                  
0     000b8e27  TamagawaEncWriteMnge                 
0     000b8ec1  Fn011_MotorType_End                  
0     000b8ec5  Fn011_MotorType_Exe                  
0     000b8f51  Fn011_MotorType_Start                
0     000b8f5b  USBDeviceIntHandlerInternal          
0     000b8ff5  EtherCAT_ControlModeSel              
0     000b908e  IprmcalMotorStall                    
0     000b90c9  LpxCheckMotorStall                   
0     000b9126  FunOrgSetEnd                         
0     000b912a  FunOrgSetExe                         
0     000b91b3  FunOrgSetStart                       
0     000b91bd  MlibAtan16                           
0     000b9242  MlibCopyLongMemory                   
0     000b9253  MuxAxis485_Read                      
0     000b937b  DpxUsbifMsgManager                   
0     000b940d  SoftStartVfRef                       
0     000b949d  KpiRstShortTimer                     
0     000b94a2  KpiGetShortTimer                     
0     000b94a8  Mot00_Main_Init                      
0     000b95b2  PcalBasePositionPControl             
0     000b960b  PcalZeroPositionControl              
0     000b963b  epwm8ISR                             
0     000b9653  epwm5ISR                             
0     000b9668  epwm4ISR                             
0     000b967d  epwm1TZISR                           
0     000b96ad  epwm1ISR                             
0     000b96c2  FunSftRstEnd                         
0     000b96c6  FunSftRstExe                         
0     000b973a  FunSftRstBegin                       
0     000b97ce  F2838XCPU1_strcpy                    
0     000b984e  KpiChangeSpdDetMaFil                 
0     000b9864  LpxPcalSpdDetMaFilter                
0     000b98cc  CLB_configCounterLoadMatch           
0     000b9925  CLB_writeFIFOs                       
0     000b994a  ADCChannel1And2Deal                  
0     000b99c6  FunFbkPlsCntEnd                      
0     000b99ca  FunFbkPlsCntExe                      
0     000b9a37  FunFbkPlsCntStart                    
0     000b9a41  FunFenseCntEnd                       
0     000b9a45  FunFenseCntExe                       
0     000b9ab2  FunFenseCntStart                     
0     000b9abc  LpxCheckMotorOverrun                 
0     000b9b37  FactoryTest                          
0     000b9c2d  InputSpdSigParaReset                 
0     000b9c49  InputCurSigParaReset                 
0     000b9c65  InnerInputCal                        
0     000b9ca7  FunPlsCntClrEnd                      
0     000b9cab  FunPlsCntClrExe                      
0     000b9d16  FunPlsCntClrStart                    
0     000b9d20  InitCLA1                             
0     000b9d95  FunAlarmResetEnd                     
0     000b9d99  FunAlarmResetExe                     
0     000b9e00  FunAlarmResetStart                   
0     000b9e0a  FunAlarmTraceClearEnd                
0     000b9e0e  FunAlarmTraceClearExe                
0     000b9e74  FunAlarmTraceClearStart              
0     000b9e7e  KpiInputSpdRef                       
0     000b9f62  MRevDeal                             
0     000b9fcf  KpxBprmExpCal                        
0     000b9ff6  FlibExpCal                           
0     000ba10c  USBDeviceConfigAlternate             
0     000ba1dc  PrMultiPos                           
0     000ba242  KpiInputTrqRef                       
0     000ba2a8  GainSel_Update                       
0     000ba306  USBDBulkPacketRead                   
0     000ba363  SCANB_Task                           
0     000ba3c0  SCANC_Task                           
0     000ba43a  InitCpu1_Timer                       
0     000ba476  EncErrorClr_Cmd                      
0     000ba499  TFormat_WriteByteCheck               
0     000ba4ac  TFormat_WriteByteCmd                 
0     000ba4cf  PutInEmptyEmcyQueue                  
0     000ba4e2  EMCY_SendEmergency                   
0     000ba528  AbsAlmCheck                          
0     000ba580  PosGenerator                         
0     000ba5d6  BrakePWM_Control                     
0     000ba62b  BpxSvcDtraceExecute                  
0     000ba680  SPI_setConfig                        
0     000ba69f  SPI_enableInterrupt                  
0     000ba6b7  SPI_clearInterruptStatus             
0     000ba6d5  FPcalDqAcrKp                         
0     000ba6fb  FPcalDqAcrKi                         
0     000ba729  PM_TFORMAT_CLB_init                  
0     000ba750  PM_TFORMAT_RX_CRC_init               
0     000ba777  CLB_init                             
0     000ba77c  Fn012_VersionChk_End                 
0     000ba780  Fn012_VersionChk_Exe                 
0     000ba7cb  Fn012_VersionChk_Start               
0     000ba7cd  USBRingBufWrite                      
0     000ba81d  DataLink_Deal                        
0     000ba86c  SCANA_Task                           
0     000ba8ba  LpxSpdFFPhaseComp                    
0     000ba907  USBDBulkPacketWrite                  
0     000ba954  UserD_TaskC                          
0     000ba9a1  f28x_USB0DeviceIntHandler            
0     000baa3a  ADC_setMode                          
0     000baa86  ScanCTask_Start                      
0     000baa94  InitCpu1_ScanC                       
0     000baad1  LpxZeroClampSequence                 
0     000bab66  tformat_spiRxBuff                    
0     000babae  MlibLpfilter1                        
0     000babdc  FlibHpfilter1                        
0     000babf6  LpxStopModeManager                   
0     000bac3b  USBDCDConfigDescGet                  
0     000bac7f  IprmcalElectronicGear                
0     000baca3  KpxEgearCoeffDeal                    
0     000bacc1  USBBufferEventCallback               
0     000bad03  PrPosSpeedDeal                       
0     000bad4d  ESCSS_configureSync1Connections      
0     000bad62  ESCSS_configureSync0Connections      
0     000bad77  ESCSS_configureEEPROMSize            
0     000bad85  USBRingBufAdvanceWrite               
0     000badc5  SCI_setConfig                        
0     000bade8  SCI_clearInterruptStatus             
0     000bae04  XBAR_setOutputMuxConfig              
0     000bae42  FrictionCompDeal                     
0     000baef3  ScanBTask_Start                      
0     000baef9  InitCpu1_ScanB                       
0     000baf59  USBDCDConfigGetInterfaceEndpoint     
0     000baf8a  USBDeviceEnumResetHandler            
0     000bafbb  __TI_decompress_lzss                 
0     000bb045  USBDeviceResumeTickHandler           
0     000bb071  InternalUSBStartOfFrameTick          
0     000bb09c  KpiMonSpeedCal                       
0     000bb0c7  USBDescGet                           
0     000bb0f2  __TI_auto_init_nobinit_nopinit       
0     000bb11d  Fn01E_DriverType_End                 
0     000bb121  Fn01E_DriverType_Exe                 
0     000bb13d  Fn01E_DriverType_Start               
0     000bb147  DriComGetRcvBufferAdr                
0     000bb154  DriComGetTrnsBufferAdr               
0     000bb161  LpxSifMbusChkMyMsg                   
0     000bb171  __c28xabi_divl                       
0     000bb180  __c28xabi_modl                       
0     000bb18e  __c28xabi_divul                      
0     000bb195  __c28xabi_modul                      
0     000bb19b  C$$EXIT                              
0     000bb19b  abort                                
0     000bb19d  exit                                 
0     000bb1c4  DSP_Update                           
0     000bb1ec  KlibWaitms                           
0     000bb213  USBBufferInfoGet                     
0     000bb23a  USBDBulkRxPacketAvailable            
0     000bb261  RpiStartTableDrive                   
0     000bb287  USBDescGetNum                        
0     000bb2ad  USBDCDConfigDescGetNum               
0     000bb2d2  USBRingBufContigFree                 
0     000bb2f5  FPcalDqLxComp                        
0     000bb317  RpxWriteFunRegSafetyTime             
0     000bb334  RpxWriteFunRegAccLevel               
0     000bb339  I2C_initMaster                       
0     000bb346  I2C_enableInterrupt                  
0     000bb359  Interrupt_nmiHandler                 
0     000bb363  Interrupt_illegalOperationHandler    
0     000bb36d  Interrupt_defaultHandler             
0     000bb398  USBRingBufAdvanceRead                
0     000bb3b7  __c28xabi_cmpll                      
0     000bb3c9  __c28xabi_cmpull                     
0     000bb3d5  memcpy                               
0     000bb40e  FunNoInitProcess                     
0     000bb410  FunEndDummy                          
0     000bb414  FunExeDummy                          
0     000bb427  FunBeginDummy                        
0     000bb429  tformat_getTxCRCbyVCRC               
0     000bb45d  USBBufferDataWritten                 
0     000bb476  USBDCDConfigDescGetSize              
0     000bb48f  USBDCDConfigGetInterface             
0     000bb4a8  USBDCDStallEP0                       
0     000bb4c1  USBRingBufUsed                       
0     000bb4da  _c_int00                             
0     000bb4f3  USBDBulkTxPacketAvailable            
0     000bb50b  USBRingBufContigUsed                 
0     000bb523  __c28xabi_andll                      
0     000bb52b  __c28xabi_orll                       
0     000bb533  __c28xabi_xorll                      
0     000bb53b  USBRingBufFlush                      
0     000bb566  USBRingBufFree                       
0     000bb58c  USB0DeviceIntHandler                 
0     000bb59e  USBBufferFlush                       
0     000bb5f9  _args_main                           
0     000bb605  MlibResetSHORTMemory                 
0     000bb60e  COE_Init                             
0     000bb616  __TI_decompress_none                 
0     000bb626  CPUTimer_setEmulationMode            
0     000bb62c  __TI_zero_init                       
0     000bb632  memset                               
0     000bb638  __c28xabi_absll                      
0     000bb63d  _system_pre_init                     
0     000bb640  RamfuncsLoadStart                    
0     000bbe69  RamfuncsLoadEnd                      
0     000bc434  __TI_Handler_Table_Base              
0     000bc43a  __TI_Handler_Table_Limit             
0     000bc452  __TI_CINIT_Base                      
0     000bc46a  __TI_CINIT_Limit                     
0     000bc46a  __TI_CINIT_Warm                      
0     000df000  Cla1ProgLoadStart                    
0     000dfff8  ID_Flag                              
1     00000ce0  PieCtrlRegs                          
1     00007200  SciaRegs                             
abs   00000000  Cla1ConstLoadSize                    
abs   00000600  __TI_SYSMEM_SIZE                     
abs   00000740  Cla1ProgLoadSize                     
abs   00000829  RamfuncsLoadSize                     
abs   00000829  RamfuncsRunSize                      
abs   00001000  __TI_STACK_SIZE                      
abs   ffffffff  __TI_pprof_out_hndl                  
abs   ffffffff  __TI_prof_data_size                  
abs   ffffffff  __TI_prof_data_start                 
n/a   UNDEFED   __c_args__                           

[3878 symbols]
